Archive member included to satisfy reference by file (symbol)

.\CortexM0\ARM_GCC_541\Debug\002_7_segment_Led.a(Led.o)
                              .\CortexM0\ARM_GCC_541\Debug\main.o (Led_Write)
.\CortexM0\ARM_GCC_541\Debug\002_7_segment_Led.a(IN_Pin.o)
                              .\CortexM0\ARM_GCC_541\Debug\main.o (IN_Pin_ClearInterrupt)
.\CortexM0\ARM_GCC_541\Debug\002_7_segment_Led.a(IN_Pin_Int.o)
                              .\CortexM0\ARM_GCC_541\Debug\main.o (IN_Pin_Int_StartEx)
.\CortexM0\ARM_GCC_541\Debug\002_7_segment_Led.a(CyLib.o)
                              .\CortexM0\ARM_GCC_541\Debug\cyfitter_cfg.o (CyIntEnable)
.\CortexM0\ARM_GCC_541\Debug\002_7_segment_Led.a(CyLFClk.o)
                              .\CortexM0\ARM_GCC_541\Debug\cyfitter_cfg.o (CySysWdtIsr)
.\CortexM0\ARM_GCC_541\Debug\002_7_segment_Led.a(CyBootAsmGnu.o)
                              .\CortexM0\ARM_GCC_541\Debug\002_7_segment_Led.a(CyLib.o) (CyDelayCycles)
c:/program files (x86)/cypress/psoc creator/4.3/psoc creator/import/gnu/arm/5.4.1/bin/../lib/gcc/arm-none-eabi/5.4.1/armv6-m\libgcc.a(_udivsi3.o)
                              .\CortexM0\ARM_GCC_541\Debug\002_7_segment_Led.a(CyLib.o) (__aeabi_uidiv)
c:/program files (x86)/cypress/psoc creator/4.3/psoc creator/import/gnu/arm/5.4.1/bin/../lib/gcc/arm-none-eabi/5.4.1/armv6-m\libgcc.a(_dvmd_tls.o)
                              c:/program files (x86)/cypress/psoc creator/4.3/psoc creator/import/gnu/arm/5.4.1/bin/../lib/gcc/arm-none-eabi/5.4.1/armv6-m\libgcc.a(_udivsi3.o) (__aeabi_idiv0)
c:/program files (x86)/cypress/psoc creator/4.3/psoc creator/import/gnu/arm/5.4.1/bin/../lib/gcc/arm-none-eabi/5.4.1/../../../../arm-none-eabi/lib/armv6-m\libg_nano.a(lib_a-errno.o)
                              .\CortexM0\ARM_GCC_541\Debug\Cm0Start.o (__errno)
c:/program files (x86)/cypress/psoc creator/4.3/psoc creator/import/gnu/arm/5.4.1/bin/../lib/gcc/arm-none-eabi/5.4.1/../../../../arm-none-eabi/lib/armv6-m\libg_nano.a(lib_a-exit.o)
                              c:/program files (x86)/cypress/psoc creator/4.3/psoc creator/import/gnu/arm/5.4.1/bin/../lib/gcc/arm-none-eabi/5.4.1/../../../../arm-none-eabi/lib/armv6-m/crt0.o (exit)
c:/program files (x86)/cypress/psoc creator/4.3/psoc creator/import/gnu/arm/5.4.1/bin/../lib/gcc/arm-none-eabi/5.4.1/../../../../arm-none-eabi/lib/armv6-m\libg_nano.a(lib_a-impure.o)
                              c:/program files (x86)/cypress/psoc creator/4.3/psoc creator/import/gnu/arm/5.4.1/bin/../lib/gcc/arm-none-eabi/5.4.1/../../../../arm-none-eabi/lib/armv6-m\libg_nano.a(lib_a-exit.o) (_global_impure_ptr)
c:/program files (x86)/cypress/psoc creator/4.3/psoc creator/import/gnu/arm/5.4.1/bin/../lib/gcc/arm-none-eabi/5.4.1/../../../../arm-none-eabi/lib/armv6-m\libg_nano.a(lib_a-init.o)
                              c:/program files (x86)/cypress/psoc creator/4.3/psoc creator/import/gnu/arm/5.4.1/bin/../lib/gcc/arm-none-eabi/5.4.1/../../../../arm-none-eabi/lib/armv6-m/crt0.o (__libc_init_array)
c:/program files (x86)/cypress/psoc creator/4.3/psoc creator/import/gnu/arm/5.4.1/bin/../lib/gcc/arm-none-eabi/5.4.1/../../../../arm-none-eabi/lib/armv6-m\libg_nano.a(lib_a-memset.o)
                              c:/program files (x86)/cypress/psoc creator/4.3/psoc creator/import/gnu/arm/5.4.1/bin/../lib/gcc/arm-none-eabi/5.4.1/../../../../arm-none-eabi/lib/armv6-m/crt0.o (memset)

Discarded input sections

 .text          0x00000000        0x0 c:/program files (x86)/cypress/psoc creator/4.3/psoc creator/import/gnu/arm/5.4.1/bin/../lib/gcc/arm-none-eabi/5.4.1/armv6-m/crti.o
 .data          0x00000000        0x0 c:/program files (x86)/cypress/psoc creator/4.3/psoc creator/import/gnu/arm/5.4.1/bin/../lib/gcc/arm-none-eabi/5.4.1/armv6-m/crti.o
 .bss           0x00000000        0x0 c:/program files (x86)/cypress/psoc creator/4.3/psoc creator/import/gnu/arm/5.4.1/bin/../lib/gcc/arm-none-eabi/5.4.1/armv6-m/crti.o
 .data          0x00000000        0x4 c:/program files (x86)/cypress/psoc creator/4.3/psoc creator/import/gnu/arm/5.4.1/bin/../lib/gcc/arm-none-eabi/5.4.1/armv6-m/crtbegin.o
 .text          0x00000000       0x78 c:/program files (x86)/cypress/psoc creator/4.3/psoc creator/import/gnu/arm/5.4.1/bin/../lib/gcc/arm-none-eabi/5.4.1/../../../../arm-none-eabi/lib/armv6-m/crt0.o
 .data          0x00000000        0x0 c:/program files (x86)/cypress/psoc creator/4.3/psoc creator/import/gnu/arm/5.4.1/bin/../lib/gcc/arm-none-eabi/5.4.1/../../../../arm-none-eabi/lib/armv6-m/crt0.o
 .bss           0x00000000        0x0 c:/program files (x86)/cypress/psoc creator/4.3/psoc creator/import/gnu/arm/5.4.1/bin/../lib/gcc/arm-none-eabi/5.4.1/../../../../arm-none-eabi/lib/armv6-m/crt0.o
 .ARM.extab     0x00000000        0x0 c:/program files (x86)/cypress/psoc creator/4.3/psoc creator/import/gnu/arm/5.4.1/bin/../lib/gcc/arm-none-eabi/5.4.1/../../../../arm-none-eabi/lib/armv6-m/crt0.o
 .ARM.exidx     0x00000000        0x8 c:/program files (x86)/cypress/psoc creator/4.3/psoc creator/import/gnu/arm/5.4.1/bin/../lib/gcc/arm-none-eabi/5.4.1/../../../../arm-none-eabi/lib/armv6-m/crt0.o
 .text          0x00000000        0x0 .\CortexM0\ARM_GCC_541\Debug\main.o
 .text          0x00000000        0x0 .\CortexM0\ARM_GCC_541\Debug\cyfitter_cfg.o
 .data          0x00000000        0x0 .\CortexM0\ARM_GCC_541\Debug\cyfitter_cfg.o
 .bss           0x00000000        0x0 .\CortexM0\ARM_GCC_541\Debug\cyfitter_cfg.o
 .text          0x00000000        0x0 .\CortexM0\ARM_GCC_541\Debug\cymetadata.o
 .data          0x00000000        0x0 .\CortexM0\ARM_GCC_541\Debug\cymetadata.o
 .bss           0x00000000        0x0 .\CortexM0\ARM_GCC_541\Debug\cymetadata.o
 .text          0x00000000        0x0 .\CortexM0\ARM_GCC_541\Debug\Cm0Start.o
 .data          0x00000000        0x4 .\CortexM0\ARM_GCC_541\Debug\Cm0Start.o
 .bss           0x00000000        0x0 .\CortexM0\ARM_GCC_541\Debug\Cm0Start.o
 .text._exit    0x00000000        0xc .\CortexM0\ARM_GCC_541\Debug\Cm0Start.o
 .text._sbrk    0x00000000       0x30 .\CortexM0\ARM_GCC_541\Debug\Cm0Start.o
 .text          0x00000000        0x0 .\CortexM0\ARM_GCC_541\Debug\002_7_segment_Led.a(Led.o)
 .data          0x00000000        0x0 .\CortexM0\ARM_GCC_541\Debug\002_7_segment_Led.a(Led.o)
 .bss           0x00000000        0x0 .\CortexM0\ARM_GCC_541\Debug\002_7_segment_Led.a(Led.o)
 .text.Led_SetDriveMode
                0x00000000       0x80 .\CortexM0\ARM_GCC_541\Debug\002_7_segment_Led.a(Led.o)
 .text.Led_Read
                0x00000000        0xc .\CortexM0\ARM_GCC_541\Debug\002_7_segment_Led.a(Led.o)
 .text.Led_ReadDataReg
                0x00000000        0xc .\CortexM0\ARM_GCC_541\Debug\002_7_segment_Led.a(Led.o)
 .text.Led_SetInterruptMode
                0x00000000       0x14 .\CortexM0\ARM_GCC_541\Debug\002_7_segment_Led.a(Led.o)
 .text.Led_ClearInterrupt
                0x00000000       0x14 .\CortexM0\ARM_GCC_541\Debug\002_7_segment_Led.a(Led.o)
 .text          0x00000000        0x0 .\CortexM0\ARM_GCC_541\Debug\002_7_segment_Led.a(IN_Pin.o)
 .data          0x00000000        0x0 .\CortexM0\ARM_GCC_541\Debug\002_7_segment_Led.a(IN_Pin.o)
 .bss           0x00000000        0x0 .\CortexM0\ARM_GCC_541\Debug\002_7_segment_Led.a(IN_Pin.o)
 .text.IN_Pin_SetDriveMode
                0x00000000       0x14 .\CortexM0\ARM_GCC_541\Debug\002_7_segment_Led.a(IN_Pin.o)
 .text.IN_Pin_Write
                0x00000000       0x18 .\CortexM0\ARM_GCC_541\Debug\002_7_segment_Led.a(IN_Pin.o)
 .text.IN_Pin_Read
                0x00000000       0x10 .\CortexM0\ARM_GCC_541\Debug\002_7_segment_Led.a(IN_Pin.o)
 .text.IN_Pin_ReadDataReg
                0x00000000       0x10 .\CortexM0\ARM_GCC_541\Debug\002_7_segment_Led.a(IN_Pin.o)
 .text.IN_Pin_SetInterruptMode
                0x00000000       0x14 .\CortexM0\ARM_GCC_541\Debug\002_7_segment_Led.a(IN_Pin.o)
 .text          0x00000000        0x0 .\CortexM0\ARM_GCC_541\Debug\002_7_segment_Led.a(IN_Pin_Int.o)
 .data          0x00000000        0x0 .\CortexM0\ARM_GCC_541\Debug\002_7_segment_Led.a(IN_Pin_Int.o)
 .bss           0x00000000        0x0 .\CortexM0\ARM_GCC_541\Debug\002_7_segment_Led.a(IN_Pin_Int.o)
 .text.IN_Pin_Int_Interrupt
                0x00000000        0x4 .\CortexM0\ARM_GCC_541\Debug\002_7_segment_Led.a(IN_Pin_Int.o)
 .text.IN_Pin_Int_GetVector
                0x00000000        0xc .\CortexM0\ARM_GCC_541\Debug\002_7_segment_Led.a(IN_Pin_Int.o)
 .text.IN_Pin_Int_GetPriority
                0x00000000       0x10 .\CortexM0\ARM_GCC_541\Debug\002_7_segment_Led.a(IN_Pin_Int.o)
 .text.IN_Pin_Int_GetState
                0x00000000       0x14 .\CortexM0\ARM_GCC_541\Debug\002_7_segment_Led.a(IN_Pin_Int.o)
 .text.IN_Pin_Int_Start
                0x00000000       0x1c .\CortexM0\ARM_GCC_541\Debug\002_7_segment_Led.a(IN_Pin_Int.o)
 .text.IN_Pin_Int_Stop
                0x00000000       0x14 .\CortexM0\ARM_GCC_541\Debug\002_7_segment_Led.a(IN_Pin_Int.o)
 .text.IN_Pin_Int_SetPending
                0x00000000        0xc .\CortexM0\ARM_GCC_541\Debug\002_7_segment_Led.a(IN_Pin_Int.o)
 .text.IN_Pin_Int_ClearPending
                0x00000000        0xc .\CortexM0\ARM_GCC_541\Debug\002_7_segment_Led.a(IN_Pin_Int.o)
 .text          0x00000000        0x0 .\CortexM0\ARM_GCC_541\Debug\002_7_segment_Led.a(CyLib.o)
 .bss           0x00000000       0x18 .\CortexM0\ARM_GCC_541\Debug\002_7_segment_Led.a(CyLib.o)
 .text.CySysClkImoStart
                0x00000000       0x14 .\CortexM0\ARM_GCC_541\Debug\002_7_segment_Led.a(CyLib.o)
 .text.CySysClkImoStop
                0x00000000       0x10 .\CortexM0\ARM_GCC_541\Debug\002_7_segment_Led.a(CyLib.o)
 .text.CySysClkWriteHfclkDirect
                0x00000000       0x20 .\CortexM0\ARM_GCC_541\Debug\002_7_segment_Led.a(CyLib.o)
 .text.CySysEnablePumpClock
                0x00000000       0x38 .\CortexM0\ARM_GCC_541\Debug\002_7_segment_Led.a(CyLib.o)
 .text.CySysClkGetSysclkSource
                0x00000000       0x1c .\CortexM0\ARM_GCC_541\Debug\002_7_segment_Led.a(CyLib.o)
 .text.CySysClkWriteSysclkDiv
                0x00000000       0x30 .\CortexM0\ARM_GCC_541\Debug\002_7_segment_Led.a(CyLib.o)
 .text.CySysLvdDisable
                0x00000000       0x20 .\CortexM0\ARM_GCC_541\Debug\002_7_segment_Led.a(CyLib.o)
 .text.CySysLvdGetInterruptSource
                0x00000000       0x10 .\CortexM0\ARM_GCC_541\Debug\002_7_segment_Led.a(CyLib.o)
 .text.CySysLvdClearInterrupt
                0x00000000        0xc .\CortexM0\ARM_GCC_541\Debug\002_7_segment_Led.a(CyLib.o)
 .text.CySysGetResetReason
                0x00000000       0x14 .\CortexM0\ARM_GCC_541\Debug\002_7_segment_Led.a(CyLib.o)
 .text.CyDisableInts
                0x00000000       0x10 .\CortexM0\ARM_GCC_541\Debug\002_7_segment_Led.a(CyLib.o)
 .text.CyEnableInts
                0x00000000        0xc .\CortexM0\ARM_GCC_541\Debug\002_7_segment_Led.a(CyLib.o)
 .text.CyIntGetState
                0x00000000       0x18 .\CortexM0\ARM_GCC_541\Debug\002_7_segment_Led.a(CyLib.o)
 .text.CyIntDisable
                0x00000000       0x14 .\CortexM0\ARM_GCC_541\Debug\002_7_segment_Led.a(CyLib.o)
 .text.CyIntSetPending
                0x00000000       0x14 .\CortexM0\ARM_GCC_541\Debug\002_7_segment_Led.a(CyLib.o)
 .text.CyIntClearPending
                0x00000000       0x14 .\CortexM0\ARM_GCC_541\Debug\002_7_segment_Led.a(CyLib.o)
 .text.CyIntSetSysVector
                0x00000000       0x20 .\CortexM0\ARM_GCC_541\Debug\002_7_segment_Led.a(CyLib.o)
 .text.CyIntGetSysVector
                0x00000000       0x1c .\CortexM0\ARM_GCC_541\Debug\002_7_segment_Led.a(CyLib.o)
 .text.CyIntGetVector
                0x00000000       0x20 .\CortexM0\ARM_GCC_541\Debug\002_7_segment_Led.a(CyLib.o)
 .text.CyIntSetPriority
                0x00000000       0x4c .\CortexM0\ARM_GCC_541\Debug\002_7_segment_Led.a(CyLib.o)
 .text.CyIntGetPriority
                0x00000000       0x2c .\CortexM0\ARM_GCC_541\Debug\002_7_segment_Led.a(CyLib.o)
 .text.CySoftwareReset
                0x00000000       0x18 .\CortexM0\ARM_GCC_541\Debug\002_7_segment_Led.a(CyLib.o)
 .text.CySysLvdEnable
                0x00000000       0x44 .\CortexM0\ARM_GCC_541\Debug\002_7_segment_Led.a(CyLib.o)
 .text.CyDelayFreq
                0x00000000       0x4c .\CortexM0\ARM_GCC_541\Debug\002_7_segment_Led.a(CyLib.o)
 .text.CySysTickStop
                0x00000000       0x10 .\CortexM0\ARM_GCC_541\Debug\002_7_segment_Led.a(CyLib.o)
 .text.CySysTickEnableInterrupt
                0x00000000       0x10 .\CortexM0\ARM_GCC_541\Debug\002_7_segment_Led.a(CyLib.o)
 .text.CySysTickEnable
                0x00000000       0x18 .\CortexM0\ARM_GCC_541\Debug\002_7_segment_Led.a(CyLib.o)
 .text.CySysTickDisableInterrupt
                0x00000000       0x10 .\CortexM0\ARM_GCC_541\Debug\002_7_segment_Led.a(CyLib.o)
 .text.CySysTickSetReload
                0x00000000       0x10 .\CortexM0\ARM_GCC_541\Debug\002_7_segment_Led.a(CyLib.o)
 .text.CySysTickGetReload
                0x00000000       0x10 .\CortexM0\ARM_GCC_541\Debug\002_7_segment_Led.a(CyLib.o)
 .text.CySysTickGetValue
                0x00000000       0x10 .\CortexM0\ARM_GCC_541\Debug\002_7_segment_Led.a(CyLib.o)
 .text.CySysTickGetCountFlag
                0x00000000       0x10 .\CortexM0\ARM_GCC_541\Debug\002_7_segment_Led.a(CyLib.o)
 .text.CySysTickServiceCallbacks
                0x00000000       0x28 .\CortexM0\ARM_GCC_541\Debug\002_7_segment_Led.a(CyLib.o)
 .text.CySysTickClear
                0x00000000        0xc .\CortexM0\ARM_GCC_541\Debug\002_7_segment_Led.a(CyLib.o)
 .text.CySysTickInit
                0x00000000       0x40 .\CortexM0\ARM_GCC_541\Debug\002_7_segment_Led.a(CyLib.o)
 .text.CySysTickStart
                0x00000000       0x20 .\CortexM0\ARM_GCC_541\Debug\002_7_segment_Led.a(CyLib.o)
 .text.CySysTickSetCallback
                0x00000000       0x10 .\CortexM0\ARM_GCC_541\Debug\002_7_segment_Led.a(CyLib.o)
 .text.CySysTickGetCallback
                0x00000000        0xc .\CortexM0\ARM_GCC_541\Debug\002_7_segment_Led.a(CyLib.o)
 .text.CyGetUniqueId
                0x00000000       0x70 .\CortexM0\ARM_GCC_541\Debug\002_7_segment_Led.a(CyLib.o)
 .text          0x00000000        0x0 .\CortexM0\ARM_GCC_541\Debug\002_7_segment_Led.a(CyLFClk.o)
 .text.CySysClkIloEnabled
                0x00000000       0x14 .\CortexM0\ARM_GCC_541\Debug\002_7_segment_Led.a(CyLFClk.o)
 .text.CySysClkIloStart
                0x00000000       0x14 .\CortexM0\ARM_GCC_541\Debug\002_7_segment_Led.a(CyLFClk.o)
 .text.CySysClkIloStartMeasurement
                0x00000000       0x34 .\CortexM0\ARM_GCC_541\Debug\002_7_segment_Led.a(CyLFClk.o)
 .text.CySysClkIloStopMeasurement
                0x00000000       0x14 .\CortexM0\ARM_GCC_541\Debug\002_7_segment_Led.a(CyLFClk.o)
 .text.CySysClkIloCompensate
                0x00000000      0x104 .\CortexM0\ARM_GCC_541\Debug\002_7_segment_Led.a(CyLFClk.o)
 .text.CySysWdtGetEnabledStatus
                0x00000000       0x24 .\CortexM0\ARM_GCC_541\Debug\002_7_segment_Led.a(CyLFClk.o)
 .text.CySysWdtSetMode
                0x00000000       0x38 .\CortexM0\ARM_GCC_541\Debug\002_7_segment_Led.a(CyLFClk.o)
 .text.CySysClkLfclkPosedgeRestore
                0x00000000       0x2c .\CortexM0\ARM_GCC_541\Debug\002_7_segment_Led.a(CyLFClk.o)
 .text.CySysWdtGetMode
                0x00000000       0x14 .\CortexM0\ARM_GCC_541\Debug\002_7_segment_Led.a(CyLFClk.o)
 .text.CySysWdtSetClearOnMatch
                0x00000000       0x34 .\CortexM0\ARM_GCC_541\Debug\002_7_segment_Led.a(CyLFClk.o)
 .text.CySysWdtGetClearOnMatch
                0x00000000       0x24 .\CortexM0\ARM_GCC_541\Debug\002_7_segment_Led.a(CyLFClk.o)
 .text.CySysWdtEnable
                0x00000000       0x40 .\CortexM0\ARM_GCC_541\Debug\002_7_segment_Led.a(CyLFClk.o)
 .text.CySysWdtDisable
                0x00000000       0x44 .\CortexM0\ARM_GCC_541\Debug\002_7_segment_Led.a(CyLFClk.o)
 .text.CySysWdtSetCascade
                0x00000000       0x34 .\CortexM0\ARM_GCC_541\Debug\002_7_segment_Led.a(CyLFClk.o)
 .text.CySysWdtGetCascade
                0x00000000       0x14 .\CortexM0\ARM_GCC_541\Debug\002_7_segment_Led.a(CyLFClk.o)
 .text.CySysWdtSetMatch
                0x00000000       0x38 .\CortexM0\ARM_GCC_541\Debug\002_7_segment_Led.a(CyLFClk.o)
 .text.CySysWdtSetToggleBit
                0x00000000       0x30 .\CortexM0\ARM_GCC_541\Debug\002_7_segment_Led.a(CyLFClk.o)
 .text.CySysWdtGetToggleBit
                0x00000000       0x10 .\CortexM0\ARM_GCC_541\Debug\002_7_segment_Led.a(CyLFClk.o)
 .text.CySysWdtGetMatch
                0x00000000       0x20 .\CortexM0\ARM_GCC_541\Debug\002_7_segment_Led.a(CyLFClk.o)
 .text.CySysWdtGetCount
                0x00000000       0x3c .\CortexM0\ARM_GCC_541\Debug\002_7_segment_Led.a(CyLFClk.o)
 .text.CySysClkLfclkPosedgeCatch
                0x00000000       0x74 .\CortexM0\ARM_GCC_541\Debug\002_7_segment_Led.a(CyLFClk.o)
 .text.CySysClkIloStop
                0x00000000       0x38 .\CortexM0\ARM_GCC_541\Debug\002_7_segment_Led.a(CyLFClk.o)
 .text.CySysWdtGetInterruptSource
                0x00000000       0x14 .\CortexM0\ARM_GCC_541\Debug\002_7_segment_Led.a(CyLFClk.o)
 .text.CySysWdtResetCounters
                0x00000000       0x20 .\CortexM0\ARM_GCC_541\Debug\002_7_segment_Led.a(CyLFClk.o)
 .text.CySysWdtSetInterruptCallback
                0x00000000       0x20 .\CortexM0\ARM_GCC_541\Debug\002_7_segment_Led.a(CyLFClk.o)
 .text.CySysWdtGetInterruptCallback
                0x00000000       0x20 .\CortexM0\ARM_GCC_541\Debug\002_7_segment_Led.a(CyLFClk.o)
 .text.CySysWdtEnableCounterIsr
                0x00000000       0x34 .\CortexM0\ARM_GCC_541\Debug\002_7_segment_Led.a(CyLFClk.o)
 .text.CySysWdtDisableCounterIsr
                0x00000000       0x28 .\CortexM0\ARM_GCC_541\Debug\002_7_segment_Led.a(CyLFClk.o)
 .text.CySysWatchdogFeed
                0x00000000       0x60 .\CortexM0\ARM_GCC_541\Debug\002_7_segment_Led.a(CyLFClk.o)
 .text.CySysTimerDelayUntilMatch
                0x00000000       0x6c .\CortexM0\ARM_GCC_541\Debug\002_7_segment_Led.a(CyLFClk.o)
 .text.CySysTimerDelay
                0x00000000       0x3c .\CortexM0\ARM_GCC_541\Debug\002_7_segment_Led.a(CyLFClk.o)
 .rodata        0x00000000        0xc .\CortexM0\ARM_GCC_541\Debug\002_7_segment_Led.a(CyLFClk.o)
 .data          0x00000000        0x0 .\CortexM0\ARM_GCC_541\Debug\002_7_segment_Led.a(CyBootAsmGnu.o)
 .bss           0x00000000        0x0 .\CortexM0\ARM_GCC_541\Debug\002_7_segment_Led.a(CyBootAsmGnu.o)
 .text          0x00000000      0x114 c:/program files (x86)/cypress/psoc creator/4.3/psoc creator/import/gnu/arm/5.4.1/bin/../lib/gcc/arm-none-eabi/5.4.1/armv6-m\libgcc.a(_udivsi3.o)
 .data          0x00000000        0x0 c:/program files (x86)/cypress/psoc creator/4.3/psoc creator/import/gnu/arm/5.4.1/bin/../lib/gcc/arm-none-eabi/5.4.1/armv6-m\libgcc.a(_udivsi3.o)
 .bss           0x00000000        0x0 c:/program files (x86)/cypress/psoc creator/4.3/psoc creator/import/gnu/arm/5.4.1/bin/../lib/gcc/arm-none-eabi/5.4.1/armv6-m\libgcc.a(_udivsi3.o)
 .text          0x00000000        0x4 c:/program files (x86)/cypress/psoc creator/4.3/psoc creator/import/gnu/arm/5.4.1/bin/../lib/gcc/arm-none-eabi/5.4.1/armv6-m\libgcc.a(_dvmd_tls.o)
 .data          0x00000000        0x0 c:/program files (x86)/cypress/psoc creator/4.3/psoc creator/import/gnu/arm/5.4.1/bin/../lib/gcc/arm-none-eabi/5.4.1/armv6-m\libgcc.a(_dvmd_tls.o)
 .bss           0x00000000        0x0 c:/program files (x86)/cypress/psoc creator/4.3/psoc creator/import/gnu/arm/5.4.1/bin/../lib/gcc/arm-none-eabi/5.4.1/armv6-m\libgcc.a(_dvmd_tls.o)
 .text          0x00000000        0x0 c:/program files (x86)/cypress/psoc creator/4.3/psoc creator/import/gnu/arm/5.4.1/bin/../lib/gcc/arm-none-eabi/5.4.1/../../../../arm-none-eabi/lib/armv6-m\libg_nano.a(lib_a-errno.o)
 .data          0x00000000        0x0 c:/program files (x86)/cypress/psoc creator/4.3/psoc creator/import/gnu/arm/5.4.1/bin/../lib/gcc/arm-none-eabi/5.4.1/../../../../arm-none-eabi/lib/armv6-m\libg_nano.a(lib_a-errno.o)
 .bss           0x00000000        0x0 c:/program files (x86)/cypress/psoc creator/4.3/psoc creator/import/gnu/arm/5.4.1/bin/../lib/gcc/arm-none-eabi/5.4.1/../../../../arm-none-eabi/lib/armv6-m\libg_nano.a(lib_a-errno.o)
 .text          0x00000000        0x0 c:/program files (x86)/cypress/psoc creator/4.3/psoc creator/import/gnu/arm/5.4.1/bin/../lib/gcc/arm-none-eabi/5.4.1/../../../../arm-none-eabi/lib/armv6-m\libg_nano.a(lib_a-exit.o)
 .data          0x00000000        0x0 c:/program files (x86)/cypress/psoc creator/4.3/psoc creator/import/gnu/arm/5.4.1/bin/../lib/gcc/arm-none-eabi/5.4.1/../../../../arm-none-eabi/lib/armv6-m\libg_nano.a(lib_a-exit.o)
 .bss           0x00000000        0x0 c:/program files (x86)/cypress/psoc creator/4.3/psoc creator/import/gnu/arm/5.4.1/bin/../lib/gcc/arm-none-eabi/5.4.1/../../../../arm-none-eabi/lib/armv6-m\libg_nano.a(lib_a-exit.o)
 .text.exit     0x00000000       0x2c c:/program files (x86)/cypress/psoc creator/4.3/psoc creator/import/gnu/arm/5.4.1/bin/../lib/gcc/arm-none-eabi/5.4.1/../../../../arm-none-eabi/lib/armv6-m\libg_nano.a(lib_a-exit.o)
 .text          0x00000000        0x0 c:/program files (x86)/cypress/psoc creator/4.3/psoc creator/import/gnu/arm/5.4.1/bin/../lib/gcc/arm-none-eabi/5.4.1/../../../../arm-none-eabi/lib/armv6-m\libg_nano.a(lib_a-impure.o)
 .data          0x00000000        0x0 c:/program files (x86)/cypress/psoc creator/4.3/psoc creator/import/gnu/arm/5.4.1/bin/../lib/gcc/arm-none-eabi/5.4.1/../../../../arm-none-eabi/lib/armv6-m\libg_nano.a(lib_a-impure.o)
 .bss           0x00000000        0x0 c:/program files (x86)/cypress/psoc creator/4.3/psoc creator/import/gnu/arm/5.4.1/bin/../lib/gcc/arm-none-eabi/5.4.1/../../../../arm-none-eabi/lib/armv6-m\libg_nano.a(lib_a-impure.o)
 .rodata._global_impure_ptr
                0x00000000        0x4 c:/program files (x86)/cypress/psoc creator/4.3/psoc creator/import/gnu/arm/5.4.1/bin/../lib/gcc/arm-none-eabi/5.4.1/../../../../arm-none-eabi/lib/armv6-m\libg_nano.a(lib_a-impure.o)
 .text          0x00000000        0x0 c:/program files (x86)/cypress/psoc creator/4.3/psoc creator/import/gnu/arm/5.4.1/bin/../lib/gcc/arm-none-eabi/5.4.1/../../../../arm-none-eabi/lib/armv6-m\libg_nano.a(lib_a-init.o)
 .data          0x00000000        0x0 c:/program files (x86)/cypress/psoc creator/4.3/psoc creator/import/gnu/arm/5.4.1/bin/../lib/gcc/arm-none-eabi/5.4.1/../../../../arm-none-eabi/lib/armv6-m\libg_nano.a(lib_a-init.o)
 .bss           0x00000000        0x0 c:/program files (x86)/cypress/psoc creator/4.3/psoc creator/import/gnu/arm/5.4.1/bin/../lib/gcc/arm-none-eabi/5.4.1/../../../../arm-none-eabi/lib/armv6-m\libg_nano.a(lib_a-init.o)
 .text          0x00000000        0x0 c:/program files (x86)/cypress/psoc creator/4.3/psoc creator/import/gnu/arm/5.4.1/bin/../lib/gcc/arm-none-eabi/5.4.1/../../../../arm-none-eabi/lib/armv6-m\libg_nano.a(lib_a-memset.o)
 .data          0x00000000        0x0 c:/program files (x86)/cypress/psoc creator/4.3/psoc creator/import/gnu/arm/5.4.1/bin/../lib/gcc/arm-none-eabi/5.4.1/../../../../arm-none-eabi/lib/armv6-m\libg_nano.a(lib_a-memset.o)
 .bss           0x00000000        0x0 c:/program files (x86)/cypress/psoc creator/4.3/psoc creator/import/gnu/arm/5.4.1/bin/../lib/gcc/arm-none-eabi/5.4.1/../../../../arm-none-eabi/lib/armv6-m\libg_nano.a(lib_a-memset.o)
 .text          0x00000000        0x0 c:/program files (x86)/cypress/psoc creator/4.3/psoc creator/import/gnu/arm/5.4.1/bin/../lib/gcc/arm-none-eabi/5.4.1/armv6-m/crtend.o
 .data          0x00000000        0x0 c:/program files (x86)/cypress/psoc creator/4.3/psoc creator/import/gnu/arm/5.4.1/bin/../lib/gcc/arm-none-eabi/5.4.1/armv6-m/crtend.o
 .bss           0x00000000        0x0 c:/program files (x86)/cypress/psoc creator/4.3/psoc creator/import/gnu/arm/5.4.1/bin/../lib/gcc/arm-none-eabi/5.4.1/armv6-m/crtend.o
 .text          0x00000000        0x0 c:/program files (x86)/cypress/psoc creator/4.3/psoc creator/import/gnu/arm/5.4.1/bin/../lib/gcc/arm-none-eabi/5.4.1/armv6-m/crtn.o
 .data          0x00000000        0x0 c:/program files (x86)/cypress/psoc creator/4.3/psoc creator/import/gnu/arm/5.4.1/bin/../lib/gcc/arm-none-eabi/5.4.1/armv6-m/crtn.o
 .bss           0x00000000        0x0 c:/program files (x86)/cypress/psoc creator/4.3/psoc creator/import/gnu/arm/5.4.1/bin/../lib/gcc/arm-none-eabi/5.4.1/armv6-m/crtn.o

Memory Configuration

Name             Origin             Length             Attributes
rom              0x00000000         0x00008000         xr
ram              0x20000000         0x00001000         xrw
*default*        0x00000000         0xffffffff

Linker script and memory map

LOAD c:/program files (x86)/cypress/psoc creator/4.3/psoc creator/import/gnu/arm/5.4.1/bin/../lib/gcc/arm-none-eabi/5.4.1/armv6-m/crti.o
LOAD c:/program files (x86)/cypress/psoc creator/4.3/psoc creator/import/gnu/arm/5.4.1/bin/../lib/gcc/arm-none-eabi/5.4.1/armv6-m/crtbegin.o
LOAD c:/program files (x86)/cypress/psoc creator/4.3/psoc creator/import/gnu/arm/5.4.1/bin/../lib/gcc/arm-none-eabi/5.4.1/../../../../arm-none-eabi/lib/armv6-m/crt0.o
START GROUP
LOAD .\CortexM0\ARM_GCC_541\Debug\main.o
LOAD .\CortexM0\ARM_GCC_541\Debug\cyfitter_cfg.o
LOAD .\CortexM0\ARM_GCC_541\Debug\cymetadata.o
LOAD .\CortexM0\ARM_GCC_541\Debug\Cm0Start.o
LOAD .\CortexM0\ARM_GCC_541\Debug\002_7_segment_Led.a
END GROUP
START GROUP
LOAD c:/program files (x86)/cypress/psoc creator/4.3/psoc creator/import/gnu/arm/5.4.1/bin/../lib/gcc/arm-none-eabi/5.4.1/armv6-m\libgcc.a
LOAD c:/program files (x86)/cypress/psoc creator/4.3/psoc creator/import/gnu/arm/5.4.1/bin/../lib/gcc/arm-none-eabi/5.4.1/../../../../arm-none-eabi/lib/armv6-m\libg_nano.a
LOAD c:/program files (x86)/cypress/psoc creator/4.3/psoc creator/import/gnu/arm/5.4.1/bin/../lib/gcc/arm-none-eabi/5.4.1/../../../../arm-none-eabi/lib/armv6-m\libc_nano.a
END GROUP
START GROUP
LOAD c:/program files (x86)/cypress/psoc creator/4.3/psoc creator/import/gnu/arm/5.4.1/bin/../lib/gcc/arm-none-eabi/5.4.1/armv6-m\libgcc.a
LOAD c:/program files (x86)/cypress/psoc creator/4.3/psoc creator/import/gnu/arm/5.4.1/bin/../lib/gcc/arm-none-eabi/5.4.1/../../../../arm-none-eabi/lib/armv6-m\libc_nano.a
END GROUP
LOAD c:/program files (x86)/cypress/psoc creator/4.3/psoc creator/import/gnu/arm/5.4.1/bin/../lib/gcc/arm-none-eabi/5.4.1/armv6-m/crtend.o
LOAD c:/program files (x86)/cypress/psoc creator/4.3/psoc creator/import/gnu/arm/5.4.1/bin/../lib/gcc/arm-none-eabi/5.4.1/armv6-m/crtn.o
START GROUP
LOAD c:/program files (x86)/cypress/psoc creator/4.3/psoc creator/import/gnu/arm/5.4.1/bin/../lib/gcc/arm-none-eabi/5.4.1/armv6-m\libgcc.a
LOAD c:/program files (x86)/cypress/psoc creator/4.3/psoc creator/import/gnu/arm/5.4.1/bin/../lib/gcc/arm-none-eabi/5.4.1/../../../../arm-none-eabi/lib/armv6-m\libc.a
LOAD c:/program files (x86)/cypress/psoc creator/4.3/psoc creator/import/gnu/arm/5.4.1/bin/../lib/gcc/arm-none-eabi/5.4.1/../../../../arm-none-eabi/lib/armv6-m\libnosys.a
END GROUP
                0x00000000                CY_APPL_ORIGIN = 0x0
                0x00000080                CY_FLASH_ROW_SIZE = 0x80
                0x00000001                CY_APPL_NUM = 0x1
                0x00000001                CY_APPL_MAX = 0x1
                0x00000040                CY_METADATA_SIZE = 0x40
                0x00000000                CY_APPL_LOADABLE = 0x0
                0x00000000                CY_CHECKSUM_EXCLUDE_SIZE = ALIGN (0x0, CY_FLASH_ROW_SIZE)
                0x00000000                CY_APP_FOR_STACK_AND_COPIER = 0x0
                [!provide]                PROVIDE (__cy_heap_start, _end)
                0x00000001                PROVIDE (__cy_region_num, ((__cy_regions_end - __cy_regions) / 0x10))
                0x20001000                PROVIDE (__cy_stack, (ORIGIN (ram) + LENGTH (ram)))
                [!provide]                PROVIDE (__cy_heap_end, (__cy_stack - 0x400))

.cybootloader   0x00000000        0x0
 *(.cybootloader)
                0x00000000                appl1_start = CY_APPL_ORIGIN?CY_APPL_ORIGIN:ALIGN (CY_FLASH_ROW_SIZE)
                0x00003f80                appl2_start = (appl1_start + ALIGN ((((LENGTH (rom) - appl1_start) - (0x2 * CY_FLASH_ROW_SIZE)) / 0x2), CY_FLASH_ROW_SIZE))
                0x00000000                appl_start = (CY_APPL_NUM == 0x1)?appl1_start:appl2_start
                0x00000001                cy_project_type_bootloader = (appl_start == 0x0)?0x1:0x0
                0x00000000                cy_project_type_app_for_stack_and_copier = (CY_APP_FOR_STACK_AND_COPIER == 0x1)?0x1:0x0

.text           0x00000000      0x75c
 CREATE_OBJECT_SYMBOLS
                0x00000000                PROVIDE (__cy_interrupt_vector, RomVectors)
 *(.romvectors)
 .romvectors    0x00000000       0x10 .\CortexM0\ARM_GCC_541\Debug\Cm0Start.o
                0x00000000                RomVectors
                0x00000001                ASSERT ((. != __cy_interrupt_vector), No interrupt vector)
                0x00000001                ASSERT (CY_APPL_ORIGIN?(SIZEOF (.cybootloader) <= CY_APPL_ORIGIN):0x1, Wrong image location)
                0x00000010                PROVIDE (__cy_reset, Reset)
 *(.text.Reset)
 .text.Reset    0x00000010        0x8 .\CortexM0\ARM_GCC_541\Debug\Cm0Start.o
                0x00000010                Reset
                0x00000001                ASSERT ((. != __cy_reset), No reset code)
 *(.psocinit)
 .psocinit      0x00000018       0xf8 .\CortexM0\ARM_GCC_541\Debug\cyfitter_cfg.o
                0x00000074                cyfitter_cfg
                0x00000110                . = MAX (., 0x100)
 *(.text .text.* .gnu.linkonce.t.*)
 .text          0x00000110       0x60 c:/program files (x86)/cypress/psoc creator/4.3/psoc creator/import/gnu/arm/5.4.1/bin/../lib/gcc/arm-none-eabi/5.4.1/armv6-m/crtbegin.o
 .text.IN_Pin_Handler
                0x00000170       0x24 .\CortexM0\ARM_GCC_541\Debug\main.o
                0x00000170                IN_Pin_Handler
 .text.main     0x00000194       0xe0 .\CortexM0\ARM_GCC_541\Debug\main.o
                0x00000194                main
 .text.CYMEMZERO
                0x00000274        0xc .\CortexM0\ARM_GCC_541\Debug\cyfitter_cfg.o
 .text.IntDefaultHandler
                0x00000280       0x10 .\CortexM0\ARM_GCC_541\Debug\Cm0Start.o
                0x00000280                IntDefaultHandler
 .text.Start_c  0x00000290       0x48 .\CortexM0\ARM_GCC_541\Debug\Cm0Start.o
                0x00000290                Start_c
 .text.initialize_psoc
                0x000002d8       0x40 .\CortexM0\ARM_GCC_541\Debug\Cm0Start.o
                0x000002d8                initialize_psoc
 .text.Led_Write
                0x00000318        0xc .\CortexM0\ARM_GCC_541\Debug\002_7_segment_Led.a(Led.o)
                0x00000318                Led_Write
 .text.IN_Pin_ClearInterrupt
                0x00000324       0x10 .\CortexM0\ARM_GCC_541\Debug\002_7_segment_Led.a(IN_Pin.o)
                0x00000324                IN_Pin_ClearInterrupt
 .text.IN_Pin_Int_SetVector
                0x00000334        0xc .\CortexM0\ARM_GCC_541\Debug\002_7_segment_Led.a(IN_Pin_Int.o)
                0x00000334                IN_Pin_Int_SetVector
 .text.IN_Pin_Int_SetPriority
                0x00000340       0x24 .\CortexM0\ARM_GCC_541\Debug\002_7_segment_Led.a(IN_Pin_Int.o)
                0x00000340                IN_Pin_Int_SetPriority
 .text.IN_Pin_Int_Enable
                0x00000364        0xc .\CortexM0\ARM_GCC_541\Debug\002_7_segment_Led.a(IN_Pin_Int.o)
                0x00000364                IN_Pin_Int_Enable
 .text.IN_Pin_Int_Disable
                0x00000370        0xc .\CortexM0\ARM_GCC_541\Debug\002_7_segment_Led.a(IN_Pin_Int.o)
                0x00000370                IN_Pin_Int_Disable
 .text.IN_Pin_Int_StartEx
                0x0000037c       0x1c .\CortexM0\ARM_GCC_541\Debug\002_7_segment_Led.a(IN_Pin_Int.o)
                0x0000037c                IN_Pin_Int_StartEx
 .text.CyIntEnable
                0x00000398       0x14 .\CortexM0\ARM_GCC_541\Debug\002_7_segment_Led.a(CyLib.o)
                0x00000398                CyIntEnable
 .text.CyHalt   0x000003ac        0x4 .\CortexM0\ARM_GCC_541\Debug\002_7_segment_Led.a(CyLib.o)
                0x000003ac                CyHalt
 .text.CyIntSetVector
                0x000003b0       0x24 .\CortexM0\ARM_GCC_541\Debug\002_7_segment_Led.a(CyLib.o)
                0x000003b0                CyIntSetVector
 .text.CyDelay  0x000003d4       0x30 .\CortexM0\ARM_GCC_541\Debug\002_7_segment_Led.a(CyLib.o)
                0x000003d4                CyDelay
 .text.CyDelayUs
                0x00000404       0x14 .\CortexM0\ARM_GCC_541\Debug\002_7_segment_Led.a(CyLib.o)
                0x00000404                CyDelayUs
 .text.CySysClkWriteImoFreq
                0x00000418      0x164 .\CortexM0\ARM_GCC_541\Debug\002_7_segment_Led.a(CyLib.o)
                0x00000418                CySysClkWriteImoFreq
 .text.CySysWdtLocked
                0x0000057c       0x14 .\CortexM0\ARM_GCC_541\Debug\002_7_segment_Led.a(CyLFClk.o)
 .text.CySysWdtLock
                0x00000590       0x1c .\CortexM0\ARM_GCC_541\Debug\002_7_segment_Led.a(CyLFClk.o)
                0x00000590                CySysWdtLock
 .text.CySysWdtUnlock
                0x000005ac       0x30 .\CortexM0\ARM_GCC_541\Debug\002_7_segment_Led.a(CyLFClk.o)
                0x000005ac                CySysWdtUnlock
 .text.CySysWdtClearInterrupt
                0x000005dc       0x4c .\CortexM0\ARM_GCC_541\Debug\002_7_segment_Led.a(CyLFClk.o)
                0x000005dc                CySysWdtClearInterrupt
 .text.CySysWdtIsr
                0x00000628       0xa4 .\CortexM0\ARM_GCC_541\Debug\002_7_segment_Led.a(CyLFClk.o)
                0x00000628                CySysWdtIsr
 *fill*         0x000006cc        0x4 
 .text          0x000006d0       0x24 .\CortexM0\ARM_GCC_541\Debug\002_7_segment_Led.a(CyBootAsmGnu.o)
                0x000006d0                CyDelayCycles
                0x000006e4                CyEnterCriticalSection
                0x000006ec                CyExitCriticalSection
 .text.__errno  0x000006f4        0xc c:/program files (x86)/cypress/psoc creator/4.3/psoc creator/import/gnu/arm/5.4.1/bin/../lib/gcc/arm-none-eabi/5.4.1/../../../../arm-none-eabi/lib/armv6-m\libg_nano.a(lib_a-errno.o)
                0x000006f4                __errno
 .text.__libc_init_array
                0x00000700       0x4c c:/program files (x86)/cypress/psoc creator/4.3/psoc creator/import/gnu/arm/5.4.1/bin/../lib/gcc/arm-none-eabi/5.4.1/../../../../arm-none-eabi/lib/armv6-m\libg_nano.a(lib_a-init.o)
                0x00000700                __libc_init_array
 .text.memset   0x0000074c       0x10 c:/program files (x86)/cypress/psoc creator/4.3/psoc creator/import/gnu/arm/5.4.1/bin/../lib/gcc/arm-none-eabi/5.4.1/../../../../arm-none-eabi/lib/armv6-m\libg_nano.a(lib_a-memset.o)
                0x0000074c                memset
 *(.plt)
 *(.gnu.warning)
 *(.glue_7t)
 .glue_7t       0x0000075c        0x0 linker stubs
 *(.glue_7)
 .glue_7        0x0000075c        0x0 linker stubs
 *(.vfp11_veneer)
 .vfp11_veneer  0x0000075c        0x0 linker stubs
 *(.bootloader)
 *(.ARM.extab* .gnu.linkonce.armextab.*)
 *(.gcc_except_table)

.v4_bx          0x0000075c        0x0
 .v4_bx         0x0000075c        0x0 linker stubs

.iplt           0x0000075c        0x0
 .iplt          0x0000075c        0x0 c:/program files (x86)/cypress/psoc creator/4.3/psoc creator/import/gnu/arm/5.4.1/bin/../lib/gcc/arm-none-eabi/5.4.1/armv6-m/crtbegin.o

.eh_frame_hdr
 *(.eh_frame_hdr)

.eh_frame       0x0000075c        0x4
 *(.eh_frame)
 .eh_frame      0x0000075c        0x0 c:/program files (x86)/cypress/psoc creator/4.3/psoc creator/import/gnu/arm/5.4.1/bin/../lib/gcc/arm-none-eabi/5.4.1/armv6-m/crtbegin.o
 .eh_frame      0x0000075c        0x4 c:/program files (x86)/cypress/psoc creator/4.3/psoc creator/import/gnu/arm/5.4.1/bin/../lib/gcc/arm-none-eabi/5.4.1/armv6-m/crtend.o
                [!provide]                PROVIDE (__exidx_start, .)

.ARM.exidx
 *(.ARM.exidx* .gnu.linkonce.armexidx.*)
                0x00000760                __exidx_end = .

.rodata         0x00000760       0xa0
 *(.rodata .rodata.* .gnu.linkonce.r.*)
 .rodata        0x00000760       0x2c .\CortexM0\ARM_GCC_541\Debug\main.o
 .rodata        0x0000078c        0xc .\CortexM0\ARM_GCC_541\Debug\cyfitter_cfg.o
 .rodata        0x00000798       0x2e .\CortexM0\ARM_GCC_541\Debug\002_7_segment_Led.a(CyLib.o)
                0x00000798                cyImoFreqMhz2Reg
 .rodata.str1.1
                0x000007c6        0x2 c:/program files (x86)/cypress/psoc creator/4.3/psoc creator/import/gnu/arm/5.4.1/bin/../lib/gcc/arm-none-eabi/5.4.1/../../../../arm-none-eabi/lib/armv6-m\libg_nano.a(lib_a-impure.o)
                0x000007c8                . = ALIGN (0x4)
 *(.init)
 .init          0x000007c8        0x4 c:/program files (x86)/cypress/psoc creator/4.3/psoc creator/import/gnu/arm/5.4.1/bin/../lib/gcc/arm-none-eabi/5.4.1/armv6-m/crti.o
                0x000007c8                _init
 .init          0x000007cc        0x8 c:/program files (x86)/cypress/psoc creator/4.3/psoc creator/import/gnu/arm/5.4.1/bin/../lib/gcc/arm-none-eabi/5.4.1/armv6-m/crtn.o
                0x000007d4                . = ALIGN (0x4)
                0x000007d4                __preinit_array_start = .
 *(.preinit_array)
                0x000007d4                __preinit_array_end = .
                0x000007d4                . = ALIGN (0x4)
                0x000007d4                __init_array_start = .
 *(SORT(.init_array.*))
 *(.init_array)
 .init_array    0x000007d4        0x4 c:/program files (x86)/cypress/psoc creator/4.3/psoc creator/import/gnu/arm/5.4.1/bin/../lib/gcc/arm-none-eabi/5.4.1/armv6-m/crtbegin.o
 .init_array    0x000007d8        0x4 .\CortexM0\ARM_GCC_541\Debug\Cm0Start.o
                0x000007dc                __init_array_end = .
                0x000007dc                . = ALIGN (0x4)
 *(.fini)
 .fini          0x000007dc        0x4 c:/program files (x86)/cypress/psoc creator/4.3/psoc creator/import/gnu/arm/5.4.1/bin/../lib/gcc/arm-none-eabi/5.4.1/armv6-m/crti.o
                0x000007dc                _fini
 .fini          0x000007e0        0x8 c:/program files (x86)/cypress/psoc creator/4.3/psoc creator/import/gnu/arm/5.4.1/bin/../lib/gcc/arm-none-eabi/5.4.1/armv6-m/crtn.o
                0x000007e8                . = ALIGN (0x4)
                0x000007e8                __fini_array_start = .
 *(.fini_array)
 .fini_array    0x000007e8        0x4 c:/program files (x86)/cypress/psoc creator/4.3/psoc creator/import/gnu/arm/5.4.1/bin/../lib/gcc/arm-none-eabi/5.4.1/armv6-m/crtbegin.o
 *(SORT(.fini_array.*))
                0x000007ec                __fini_array_end = .
                0x000007ec                . = ALIGN (0x4)
 *crtbegin.o(.ctors)
 *(EXCLUDE_FILE(*crtend.o) .ctors)
 *(SORT(.ctors.*))
 *crtend.o(.ctors)
                0x000007ec                . = ALIGN (0x4)
 *crtbegin.o(.dtors)
 *(EXCLUDE_FILE(*crtend.o) .dtors)
 *(SORT(.dtors.*))
 *crtend.o(.dtors)
                0x000007ec                . = ALIGN (0x4)
                0x000007ec                __cy_regions = .
                0x000007ec        0x4 LONG 0x800 __cy_region_init_ram
                0x000007f0        0x4 LONG 0x200000c0 __cy_region_start_data
                0x000007f4        0x4 LONG 0x98 __cy_region_init_size_ram
                0x000007f8        0x4 LONG 0x48 __cy_region_zero_size_ram
                0x000007fc                __cy_regions_end = .
                0x00000800                . = ALIGN (0x8)
 *fill*         0x000007fc        0x4 
                0x00000800                _etext = .

.cy_checksum_exclude
                0x00000800        0x0
 *(.cy_checksum_exclude)

.ramvectors     0x20000000       0xc0
                0x20000000                __cy_region_start_ram = .
 *(.ramvectors)
 .ramvectors    0x20000000       0xc0 .\CortexM0\ARM_GCC_541\Debug\Cm0Start.o
                0x20000000                CyRamVectors

.noinit
 *(.noinit)

.data           0x200000c0       0x98 load address 0x00000800
                0x200000c0                __cy_region_start_data = .
 *(.jcr)
 .jcr           0x200000c0        0x0 c:/program files (x86)/cypress/psoc creator/4.3/psoc creator/import/gnu/arm/5.4.1/bin/../lib/gcc/arm-none-eabi/5.4.1/armv6-m/crtbegin.o
 .jcr           0x200000c0        0x4 c:/program files (x86)/cypress/psoc creator/4.3/psoc creator/import/gnu/arm/5.4.1/bin/../lib/gcc/arm-none-eabi/5.4.1/armv6-m/crtend.o
 *(.got.plt)
 *(.got)
 *(.shdata)
 *(.data .data.* .gnu.linkonce.d.*)
 .data          0x200000c4       0x18 .\CortexM0\ARM_GCC_541\Debug\main.o
                0x200000c4                bublic
 .data          0x200000dc       0x14 .\CortexM0\ARM_GCC_541\Debug\002_7_segment_Led.a(CyLib.o)
                0x200000dc                CySysClkPumpConfig
                0x200000e0                cydelay32kMs
                0x200000e4                cydelayFreqKhz
                0x200000e8                cydelayFreqMhz
                0x200000ec                cydelayFreqHz
 .data          0x200000f0        0x4 .\CortexM0\ARM_GCC_541\Debug\002_7_segment_Led.a(CyLFClk.o)
 .data.impure_data
                0x200000f4       0x60 c:/program files (x86)/cypress/psoc creator/4.3/psoc creator/import/gnu/arm/5.4.1/bin/../lib/gcc/arm-none-eabi/5.4.1/../../../../arm-none-eabi/lib/armv6-m\libg_nano.a(lib_a-impure.o)
 .data._impure_ptr
                0x20000154        0x4 c:/program files (x86)/cypress/psoc creator/4.3/psoc creator/import/gnu/arm/5.4.1/bin/../lib/gcc/arm-none-eabi/5.4.1/../../../../arm-none-eabi/lib/armv6-m\libg_nano.a(lib_a-impure.o)
                0x20000154                _impure_ptr
                0x20000158                . = ALIGN (0x8)
 *(.ram)
                0x20000158                _edata = .

.igot.plt       0x20000158        0x0 load address 0x00000898
 .igot.plt      0x20000158        0x0 c:/program files (x86)/cypress/psoc creator/4.3/psoc creator/import/gnu/arm/5.4.1/bin/../lib/gcc/arm-none-eabi/5.4.1/armv6-m/crtbegin.o

.bss            0x20000158       0x48 load address 0x00000898
                0x20000158                PROVIDE (__bss_start__, .)
 *(.shbss)
 *(.bss .bss.* .gnu.linkonce.b.*)
 .bss           0x20000158       0x1c c:/program files (x86)/cypress/psoc creator/4.3/psoc creator/import/gnu/arm/5.4.1/bin/../lib/gcc/arm-none-eabi/5.4.1/armv6-m/crtbegin.o
 .bss           0x20000174        0x8 .\CortexM0\ARM_GCC_541\Debug\main.o
                0x20000174                Count
                0x20000178                z
 .bss           0x2000017c       0x20 .\CortexM0\ARM_GCC_541\Debug\002_7_segment_Led.a(CyLFClk.o)
 *(COMMON)
                0x200001a0                . = ALIGN (0x8)
 *fill*         0x2000019c        0x4 
 *(.ram.b)
                0x200001a0                _end = .
                0x200001a0                __end = .
                0x200001a0                PROVIDE (end, .)
                0x200001a0                PROVIDE (__bss_end__, .)
                0x00000800                __cy_region_init_ram = LOADADDR (.data)
                0x00000098                __cy_region_init_size_ram = (_edata - ADDR (.data))
                0x00000048                __cy_region_zero_size_ram = (_end - _edata)

.heap           0x200001a0       0x80 load address 0x00000898
                0x200001a0                . = _end
                0x20000220                . = (. + 0x80)
 *fill*         0x200001a0       0x80 
                0x20000220                __cy_heap_limit = .

.stack          0x20000c00      0x400
                0x20000c00                __cy_stack_limit = .
                0x20001000                . = (. + 0x400)
 *fill*         0x20000c00      0x400 
                0x00000001                ASSERT ((__cy_stack_limit >= __cy_heap_limit), region RAM overflowed with stack)
                0x00000000                cy_checksum_exclude_size = (CY_APPL_LOADABLE == 0x1)?SIZEOF (.cy_checksum_exclude):0x0
                0x00000001                ASSERT ((cy_checksum_exclude_size <= CY_CHECKSUM_EXCLUDE_SIZE), CY_BOOT: Section .cy_checksum_exclude size exceedes specified limit.)
                0x00007fc0                cyloadermeta_start = (cy_project_type_bootloader || cy_project_type_app_for_stack_and_copier)?(LENGTH (rom) - CY_METADATA_SIZE):0xf0000000

.cyloadermeta
 *(.cyloadermeta)
                0x00007fc0                cyloadablemeta_start = cy_project_type_app_for_stack_and_copier?((LENGTH (rom) - CY_FLASH_ROW_SIZE) - CY_METADATA_SIZE):((LENGTH (rom) - (CY_FLASH_ROW_SIZE * (CY_APPL_NUM - 0x1))) - CY_METADATA_SIZE)

.cyloadablemeta
 *(.cyloadablemeta)

.cyflashprotect
                0x90400000       0x20
 *(.cyflashprotect)
 .cyflashprotect
                0x90400000       0x20 .\CortexM0\ARM_GCC_541\Debug\cymetadata.o
                0x90400000                cy_meta_flashprotect

.cymeta         0x90500000        0xc
 *(.cymeta)
 .cymeta        0x90500000        0xc .\CortexM0\ARM_GCC_541\Debug\cymetadata.o
                0x90500000                cy_metadata

.cychipprotect  0x90600000        0x1
 *(.cychipprotect)
 .cychipprotect
                0x90600000        0x1 .\CortexM0\ARM_GCC_541\Debug\cymetadata.o
                0x90600000                cy_meta_chipprotect

.rel.dyn        0x00000898        0x0 load address 0x90600004
 .rel.iplt      0x00000898        0x0 c:/program files (x86)/cypress/psoc creator/4.3/psoc creator/import/gnu/arm/5.4.1/bin/../lib/gcc/arm-none-eabi/5.4.1/armv6-m/crtbegin.o

.stab
 *(.stab)

.stabstr
 *(.stabstr)

.debug
 *(.debug)

.line
 *(.line)

.debug_srcinfo
 *(.debug_srcinfo)

.debug_sfnames
 *(.debug_sfnames)

.debug_aranges  0x00000000      0x4a0
 *(.debug_aranges)
 .debug_aranges
                0x00000000       0x28 .\CortexM0\ARM_GCC_541\Debug\main.o
 .debug_aranges
                0x00000028       0x30 .\CortexM0\ARM_GCC_541\Debug\cyfitter_cfg.o
 .debug_aranges
                0x00000058       0x18 .\CortexM0\ARM_GCC_541\Debug\cymetadata.o
 .debug_aranges
                0x00000070       0x48 .\CortexM0\ARM_GCC_541\Debug\Cm0Start.o
 .debug_aranges
                0x000000b8       0x48 .\CortexM0\ARM_GCC_541\Debug\002_7_segment_Led.a(Led.o)
 .debug_aranges
                0x00000100       0x48 .\CortexM0\ARM_GCC_541\Debug\002_7_segment_Led.a(IN_Pin.o)
 .debug_aranges
                0x00000148       0x80 .\CortexM0\ARM_GCC_541\Debug\002_7_segment_Led.a(IN_Pin_Int.o)
 .debug_aranges
                0x000001c8      0x180 .\CortexM0\ARM_GCC_541\Debug\002_7_segment_Led.a(CyLib.o)
 .debug_aranges
                0x00000348      0x138 .\CortexM0\ARM_GCC_541\Debug\002_7_segment_Led.a(CyLFClk.o)
 .debug_aranges
                0x00000480       0x20 .\CortexM0\ARM_GCC_541\Debug\002_7_segment_Led.a(CyBootAsmGnu.o)

.debug_pubnames
 *(.debug_pubnames)

.debug_info     0x00000000     0x2848
 *(.debug_info .gnu.linkonce.wi.*)
 .debug_info    0x00000000      0x26e .\CortexM0\ARM_GCC_541\Debug\main.o
 .debug_info    0x0000026e      0x278 .\CortexM0\ARM_GCC_541\Debug\cyfitter_cfg.o
 .debug_info    0x000004e6       0xf8 .\CortexM0\ARM_GCC_541\Debug\cymetadata.o
 .debug_info    0x000005de      0x3a2 .\CortexM0\ARM_GCC_541\Debug\Cm0Start.o
 .debug_info    0x00000980      0x197 .\CortexM0\ARM_GCC_541\Debug\002_7_segment_Led.a(Led.o)
 .debug_info    0x00000b17      0x19b .\CortexM0\ARM_GCC_541\Debug\002_7_segment_Led.a(IN_Pin.o)
 .debug_info    0x00000cb2      0x305 .\CortexM0\ARM_GCC_541\Debug\002_7_segment_Led.a(IN_Pin_Int.o)
 .debug_info    0x00000fb7      0xaed .\CortexM0\ARM_GCC_541\Debug\002_7_segment_Led.a(CyLib.o)
 .debug_info    0x00001aa4      0xcfe .\CortexM0\ARM_GCC_541\Debug\002_7_segment_Led.a(CyLFClk.o)
 .debug_info    0x000027a2       0xa6 .\CortexM0\ARM_GCC_541\Debug\002_7_segment_Led.a(CyBootAsmGnu.o)

.debug_abbrev   0x00000000      0xb85
 *(.debug_abbrev)
 .debug_abbrev  0x00000000       0xef .\CortexM0\ARM_GCC_541\Debug\main.o
 .debug_abbrev  0x000000ef      0x150 .\CortexM0\ARM_GCC_541\Debug\cyfitter_cfg.o
 .debug_abbrev  0x0000023f       0x5d .\CortexM0\ARM_GCC_541\Debug\cymetadata.o
 .debug_abbrev  0x0000029c      0x1d7 .\CortexM0\ARM_GCC_541\Debug\Cm0Start.o
 .debug_abbrev  0x00000473       0xb9 .\CortexM0\ARM_GCC_541\Debug\002_7_segment_Led.a(Led.o)
 .debug_abbrev  0x0000052c       0xc8 .\CortexM0\ARM_GCC_541\Debug\002_7_segment_Led.a(IN_Pin.o)
 .debug_abbrev  0x000005f4      0x19a .\CortexM0\ARM_GCC_541\Debug\002_7_segment_Led.a(IN_Pin_Int.o)
 .debug_abbrev  0x0000078e      0x1d3 .\CortexM0\ARM_GCC_541\Debug\002_7_segment_Led.a(CyLib.o)
 .debug_abbrev  0x00000961      0x210 .\CortexM0\ARM_GCC_541\Debug\002_7_segment_Led.a(CyLFClk.o)
 .debug_abbrev  0x00000b71       0x14 .\CortexM0\ARM_GCC_541\Debug\002_7_segment_Led.a(CyBootAsmGnu.o)

.debug_line     0x00000000     0x117e
 *(.debug_line)
 .debug_line    0x00000000       0xd7 .\CortexM0\ARM_GCC_541\Debug\main.o
 .debug_line    0x000000d7      0x12f .\CortexM0\ARM_GCC_541\Debug\cyfitter_cfg.o
 .debug_line    0x00000206      0x141 .\CortexM0\ARM_GCC_541\Debug\cymetadata.o
 .debug_line    0x00000347      0x235 .\CortexM0\ARM_GCC_541\Debug\Cm0Start.o
 .debug_line    0x0000057c       0xc0 .\CortexM0\ARM_GCC_541\Debug\002_7_segment_Led.a(Led.o)
 .debug_line    0x0000063c       0xbd .\CortexM0\ARM_GCC_541\Debug\002_7_segment_Led.a(IN_Pin.o)
 .debug_line    0x000006f9      0x156 .\CortexM0\ARM_GCC_541\Debug\002_7_segment_Led.a(IN_Pin_Int.o)
 .debug_line    0x0000084f      0x460 .\CortexM0\ARM_GCC_541\Debug\002_7_segment_Led.a(CyLib.o)
 .debug_line    0x00000caf      0x466 .\CortexM0\ARM_GCC_541\Debug\002_7_segment_Led.a(CyLFClk.o)
 .debug_line    0x00001115       0x69 .\CortexM0\ARM_GCC_541\Debug\002_7_segment_Led.a(CyBootAsmGnu.o)

.debug_frame    0x00000000      0xb98
 *(.debug_frame)
 .debug_frame   0x00000000       0x48 .\CortexM0\ARM_GCC_541\Debug\main.o
 .debug_frame   0x00000048       0x68 .\CortexM0\ARM_GCC_541\Debug\cyfitter_cfg.o
 .debug_frame   0x000000b0       0xbc .\CortexM0\ARM_GCC_541\Debug\Cm0Start.o
 .debug_frame   0x0000016c       0x70 .\CortexM0\ARM_GCC_541\Debug\002_7_segment_Led.a(Led.o)
 .debug_frame   0x000001dc       0x70 .\CortexM0\ARM_GCC_541\Debug\002_7_segment_Led.a(IN_Pin.o)
 .debug_frame   0x0000024c      0x110 .\CortexM0\ARM_GCC_541\Debug\002_7_segment_Led.a(IN_Pin_Int.o)
 .debug_frame   0x0000035c      0x3e0 .\CortexM0\ARM_GCC_541\Debug\002_7_segment_Led.a(CyLib.o)
 .debug_frame   0x0000073c      0x3a8 .\CortexM0\ARM_GCC_541\Debug\002_7_segment_Led.a(CyLFClk.o)
 .debug_frame   0x00000ae4       0x20 c:/program files (x86)/cypress/psoc creator/4.3/psoc creator/import/gnu/arm/5.4.1/bin/../lib/gcc/arm-none-eabi/5.4.1/armv6-m\libgcc.a(_udivsi3.o)
 .debug_frame   0x00000b04       0x20 c:/program files (x86)/cypress/psoc creator/4.3/psoc creator/import/gnu/arm/5.4.1/bin/../lib/gcc/arm-none-eabi/5.4.1/../../../../arm-none-eabi/lib/armv6-m\libg_nano.a(lib_a-errno.o)
 .debug_frame   0x00000b24       0x28 c:/program files (x86)/cypress/psoc creator/4.3/psoc creator/import/gnu/arm/5.4.1/bin/../lib/gcc/arm-none-eabi/5.4.1/../../../../arm-none-eabi/lib/armv6-m\libg_nano.a(lib_a-exit.o)
 .debug_frame   0x00000b4c       0x2c c:/program files (x86)/cypress/psoc creator/4.3/psoc creator/import/gnu/arm/5.4.1/bin/../lib/gcc/arm-none-eabi/5.4.1/../../../../arm-none-eabi/lib/armv6-m\libg_nano.a(lib_a-init.o)
 .debug_frame   0x00000b78       0x20 c:/program files (x86)/cypress/psoc creator/4.3/psoc creator/import/gnu/arm/5.4.1/bin/../lib/gcc/arm-none-eabi/5.4.1/../../../../arm-none-eabi/lib/armv6-m\libg_nano.a(lib_a-memset.o)

.debug_str      0x00000000     0x103e
 *(.debug_str)
 .debug_str     0x00000000      0x1ae .\CortexM0\ARM_GCC_541\Debug\main.o
                                0x1f4 (size before relaxing)
 .debug_str     0x000001ae       0xc2 .\CortexM0\ARM_GCC_541\Debug\cyfitter_cfg.o
                                0x260 (size before relaxing)
 .debug_str     0x00000270       0x63 .\CortexM0\ARM_GCC_541\Debug\cymetadata.o
                                0x1de (size before relaxing)
 .debug_str     0x000002d3      0x140 .\CortexM0\ARM_GCC_541\Debug\Cm0Start.o
                                0x317 (size before relaxing)
 .debug_str     0x00000413       0x9e .\CortexM0\ARM_GCC_541\Debug\002_7_segment_Led.a(Led.o)
                                0x23e (size before relaxing)
 .debug_str     0x000004b1       0x78 .\CortexM0\ARM_GCC_541\Debug\002_7_segment_Led.a(IN_Pin.o)
                                0x253 (size before relaxing)
 .debug_str     0x00000529      0x16d .\CortexM0\ARM_GCC_541\Debug\002_7_segment_Led.a(IN_Pin_Int.o)
                                0x346 (size before relaxing)
 .debug_str     0x00000696      0x47d .\CortexM0\ARM_GCC_541\Debug\002_7_segment_Led.a(CyLib.o)
                                0x6cc (size before relaxing)
 .debug_str     0x00000b13      0x52b .\CortexM0\ARM_GCC_541\Debug\002_7_segment_Led.a(CyLFClk.o)
                                0x753 (size before relaxing)

.debug_loc      0x00000000     0x12c7
 *(.debug_loc)
 .debug_loc     0x00000000       0x3c .\CortexM0\ARM_GCC_541\Debug\main.o
 .debug_loc     0x0000003c       0xa9 .\CortexM0\ARM_GCC_541\Debug\cyfitter_cfg.o
 .debug_loc     0x000000e5      0x14f .\CortexM0\ARM_GCC_541\Debug\Cm0Start.o
 .debug_loc     0x00000234       0x42 .\CortexM0\ARM_GCC_541\Debug\002_7_segment_Led.a(Led.o)
 .debug_loc     0x00000276       0x81 .\CortexM0\ARM_GCC_541\Debug\002_7_segment_Led.a(IN_Pin.o)
 .debug_loc     0x000002f7       0x82 .\CortexM0\ARM_GCC_541\Debug\002_7_segment_Led.a(IN_Pin_Int.o)
 .debug_loc     0x00000379      0x599 .\CortexM0\ARM_GCC_541\Debug\002_7_segment_Led.a(CyLib.o)
 .debug_loc     0x00000912      0x9b5 .\CortexM0\ARM_GCC_541\Debug\002_7_segment_Led.a(CyLFClk.o)

.debug_macinfo
 *(.debug_macinfo)

.debug_ranges   0x00000000      0x418
 *(.debug_ranges)
 .debug_ranges  0x00000000       0x48 .\CortexM0\ARM_GCC_541\Debug\main.o
 .debug_ranges  0x00000048       0x20 .\CortexM0\ARM_GCC_541\Debug\cyfitter_cfg.o
 .debug_ranges  0x00000068       0x38 .\CortexM0\ARM_GCC_541\Debug\Cm0Start.o
 .debug_ranges  0x000000a0       0x38 .\CortexM0\ARM_GCC_541\Debug\002_7_segment_Led.a(Led.o)
 .debug_ranges  0x000000d8       0x38 .\CortexM0\ARM_GCC_541\Debug\002_7_segment_Led.a(IN_Pin.o)
 .debug_ranges  0x00000110       0x70 .\CortexM0\ARM_GCC_541\Debug\002_7_segment_Led.a(IN_Pin_Int.o)
 .debug_ranges  0x00000180      0x170 .\CortexM0\ARM_GCC_541\Debug\002_7_segment_Led.a(CyLib.o)
 .debug_ranges  0x000002f0      0x128 .\CortexM0\ARM_GCC_541\Debug\002_7_segment_Led.a(CyLFClk.o)

.comment        0x00000000       0x6e
 .comment       0x00000000       0x6e .\CortexM0\ARM_GCC_541\Debug\main.o
                                 0x6f (size before relaxing)
 .comment       0x0000006e       0x6f .\CortexM0\ARM_GCC_541\Debug\cyfitter_cfg.o
 .comment       0x0000006e       0x6f .\CortexM0\ARM_GCC_541\Debug\cymetadata.o
 .comment       0x0000006e       0x6f .\CortexM0\ARM_GCC_541\Debug\Cm0Start.o
 .comment       0x0000006e       0x6f .\CortexM0\ARM_GCC_541\Debug\002_7_segment_Led.a(Led.o)
 .comment       0x0000006e       0x6f .\CortexM0\ARM_GCC_541\Debug\002_7_segment_Led.a(IN_Pin.o)
 .comment       0x0000006e       0x6f .\CortexM0\ARM_GCC_541\Debug\002_7_segment_Led.a(IN_Pin_Int.o)
 .comment       0x0000006e       0x6f .\CortexM0\ARM_GCC_541\Debug\002_7_segment_Led.a(CyLib.o)
 .comment       0x0000006e       0x6f .\CortexM0\ARM_GCC_541\Debug\002_7_segment_Led.a(CyLFClk.o)

.debug_weaknames
 *(.debug_weaknames)

.debug_funcnames
 *(.debug_funcnames)

.debug_typenames
 *(.debug_typenames)

.debug_varnames
 *(.debug_varnames)

.note.gnu.arm.ident
 *(.note.gnu.arm.ident)

.ARM.attributes
                0x00000000       0x28
 *(.ARM.attributes)
 .ARM.attributes
                0x00000000       0x1e c:/program files (x86)/cypress/psoc creator/4.3/psoc creator/import/gnu/arm/5.4.1/bin/../lib/gcc/arm-none-eabi/5.4.1/armv6-m/crti.o
 .ARM.attributes
                0x0000001e       0x2c c:/program files (x86)/cypress/psoc creator/4.3/psoc creator/import/gnu/arm/5.4.1/bin/../lib/gcc/arm-none-eabi/5.4.1/armv6-m/crtbegin.o
 .ARM.attributes
                0x0000004a       0x1b c:/program files (x86)/cypress/psoc creator/4.3/psoc creator/import/gnu/arm/5.4.1/bin/../lib/gcc/arm-none-eabi/5.4.1/../../../../arm-none-eabi/lib/armv6-m/crt0.o
 .ARM.attributes
                0x00000065       0x31 .\CortexM0\ARM_GCC_541\Debug\main.o
 .ARM.attributes
                0x00000096       0x31 .\CortexM0\ARM_GCC_541\Debug\cyfitter_cfg.o
 .ARM.attributes
                0x000000c7       0x31 .\CortexM0\ARM_GCC_541\Debug\cymetadata.o
 .ARM.attributes
                0x000000f8       0x31 .\CortexM0\ARM_GCC_541\Debug\Cm0Start.o
 .ARM.attributes
                0x00000129       0x31 .\CortexM0\ARM_GCC_541\Debug\002_7_segment_Led.a(Led.o)
 .ARM.attributes
                0x0000015a       0x31 .\CortexM0\ARM_GCC_541\Debug\002_7_segment_Led.a(IN_Pin.o)
 .ARM.attributes
                0x0000018b       0x31 .\CortexM0\ARM_GCC_541\Debug\002_7_segment_Led.a(IN_Pin_Int.o)
 .ARM.attributes
                0x000001bc       0x31 .\CortexM0\ARM_GCC_541\Debug\002_7_segment_Led.a(CyLib.o)
 .ARM.attributes
                0x000001ed       0x31 .\CortexM0\ARM_GCC_541\Debug\002_7_segment_Led.a(CyLFClk.o)
 .ARM.attributes
                0x0000021e       0x21 .\CortexM0\ARM_GCC_541\Debug\002_7_segment_Led.a(CyBootAsmGnu.o)
 .ARM.attributes
                0x0000023f       0x1e c:/program files (x86)/cypress/psoc creator/4.3/psoc creator/import/gnu/arm/5.4.1/bin/../lib/gcc/arm-none-eabi/5.4.1/armv6-m\libgcc.a(_udivsi3.o)
 .ARM.attributes
                0x0000025d       0x1e c:/program files (x86)/cypress/psoc creator/4.3/psoc creator/import/gnu/arm/5.4.1/bin/../lib/gcc/arm-none-eabi/5.4.1/armv6-m\libgcc.a(_dvmd_tls.o)
 .ARM.attributes
                0x0000027b       0x2c c:/program files (x86)/cypress/psoc creator/4.3/psoc creator/import/gnu/arm/5.4.1/bin/../lib/gcc/arm-none-eabi/5.4.1/../../../../arm-none-eabi/lib/armv6-m\libg_nano.a(lib_a-errno.o)
 .ARM.attributes
                0x000002a7       0x2c c:/program files (x86)/cypress/psoc creator/4.3/psoc creator/import/gnu/arm/5.4.1/bin/../lib/gcc/arm-none-eabi/5.4.1/../../../../arm-none-eabi/lib/armv6-m\libg_nano.a(lib_a-exit.o)
 .ARM.attributes
                0x000002d3       0x2c c:/program files (x86)/cypress/psoc creator/4.3/psoc creator/import/gnu/arm/5.4.1/bin/../lib/gcc/arm-none-eabi/5.4.1/../../../../arm-none-eabi/lib/armv6-m\libg_nano.a(lib_a-impure.o)
 .ARM.attributes
                0x000002ff       0x2c c:/program files (x86)/cypress/psoc creator/4.3/psoc creator/import/gnu/arm/5.4.1/bin/../lib/gcc/arm-none-eabi/5.4.1/../../../../arm-none-eabi/lib/armv6-m\libg_nano.a(lib_a-init.o)
 .ARM.attributes
                0x0000032b       0x2c c:/program files (x86)/cypress/psoc creator/4.3/psoc creator/import/gnu/arm/5.4.1/bin/../lib/gcc/arm-none-eabi/5.4.1/../../../../arm-none-eabi/lib/armv6-m\libg_nano.a(lib_a-memset.o)
 .ARM.attributes
                0x00000357       0x2c c:/program files (x86)/cypress/psoc creator/4.3/psoc creator/import/gnu/arm/5.4.1/bin/../lib/gcc/arm-none-eabi/5.4.1/armv6-m/crtend.o
 .ARM.attributes
                0x00000383       0x1e c:/program files (x86)/cypress/psoc creator/4.3/psoc creator/import/gnu/arm/5.4.1/bin/../lib/gcc/arm-none-eabi/5.4.1/armv6-m/crtn.o

/DISCARD/
 *(.note.GNU-stack)
OUTPUT(D:\PSoC\PSOC_CY8CKIT-049-41\002_7_segment_Led\002_7_segment_Led\002_7_segment_Led.cydsn\CortexM0\ARM_GCC_541\Debug\002_7_segment_Led.elf elf32-littlearm)
