ARM GAS  C:\Users\John_B\AppData\Local\Temp\ccbmgE67.s 			page 1


   1              		.syntax unified
   2              		.cpu cortex-m0
   3              		.fpu softvfp
   4              		.eabi_attribute 20, 1
   5              		.eabi_attribute 21, 1
   6              		.eabi_attribute 23, 3
   7              		.eabi_attribute 24, 1
   8              		.eabi_attribute 25, 1
   9              		.eabi_attribute 26, 1
  10              		.eabi_attribute 30, 1
  11              		.eabi_attribute 34, 0
  12              		.eabi_attribute 18, 4
  13              		.thumb
  14              		.syntax unified
  15              		.file	"cyfitter_cfg.c"
  16              		.text
  17              	.Ltext0:
  18              		.cfi_sections	.debug_frame
  19              		.section	.text.CYMEMZERO,"ax",%progbits
  20              		.align	2
  21              		.code	16
  22              		.thumb_func
  23              		.type	CYMEMZERO, %function
  24              	CYMEMZERO:
  25              	.LFB0:
  26              		.file 1 "Generated_Source\\PSoC4\\cyfitter_cfg.c"
   1:Generated_Source\PSoC4/cyfitter_cfg.c **** 
   2:Generated_Source\PSoC4/cyfitter_cfg.c **** /*******************************************************************************
   3:Generated_Source\PSoC4/cyfitter_cfg.c **** * File Name: cyfitter_cfg.c
   4:Generated_Source\PSoC4/cyfitter_cfg.c **** * 
   5:Generated_Source\PSoC4/cyfitter_cfg.c **** * PSoC Creator  4.3
   6:Generated_Source\PSoC4/cyfitter_cfg.c **** *
   7:Generated_Source\PSoC4/cyfitter_cfg.c **** * Description:
   8:Generated_Source\PSoC4/cyfitter_cfg.c **** * This file contains device initialization code.
   9:Generated_Source\PSoC4/cyfitter_cfg.c **** * Except for the user defined sections in CyClockStartupError(), this file should not be modified.
  10:Generated_Source\PSoC4/cyfitter_cfg.c **** * This file is automatically generated by PSoC Creator.
  11:Generated_Source\PSoC4/cyfitter_cfg.c **** *
  12:Generated_Source\PSoC4/cyfitter_cfg.c **** ********************************************************************************
  13:Generated_Source\PSoC4/cyfitter_cfg.c **** * Copyright (c) 2007-2019 Cypress Semiconductor.  All rights reserved.
  14:Generated_Source\PSoC4/cyfitter_cfg.c **** * You may use this file only in accordance with the license, terms, conditions, 
  15:Generated_Source\PSoC4/cyfitter_cfg.c **** * disclaimers, and limitations in the end user license agreement accompanying 
  16:Generated_Source\PSoC4/cyfitter_cfg.c **** * the software package with which this file was provided.
  17:Generated_Source\PSoC4/cyfitter_cfg.c **** ********************************************************************************/
  18:Generated_Source\PSoC4/cyfitter_cfg.c **** 
  19:Generated_Source\PSoC4/cyfitter_cfg.c **** #include <string.h>
  20:Generated_Source\PSoC4/cyfitter_cfg.c **** #include "cytypes.h"
  21:Generated_Source\PSoC4/cyfitter_cfg.c **** #include "cydevice_trm.h"
  22:Generated_Source\PSoC4/cyfitter_cfg.c **** #include "cyfitter.h"
  23:Generated_Source\PSoC4/cyfitter_cfg.c **** #include "CyLib.h"
  24:Generated_Source\PSoC4/cyfitter_cfg.c **** #include "CyLFClk.h"
  25:Generated_Source\PSoC4/cyfitter_cfg.c **** #include "cyfitter_cfg.h"
  26:Generated_Source\PSoC4/cyfitter_cfg.c **** #include "cyapicallbacks.h"
  27:Generated_Source\PSoC4/cyfitter_cfg.c **** 
  28:Generated_Source\PSoC4/cyfitter_cfg.c **** 
  29:Generated_Source\PSoC4/cyfitter_cfg.c **** #if defined(__GNUC__) || defined(__ARMCC_VERSION)
  30:Generated_Source\PSoC4/cyfitter_cfg.c ****     #define CYPACKED 
  31:Generated_Source\PSoC4/cyfitter_cfg.c ****     #define CYPACKED_ATTR __attribute__ ((packed))
ARM GAS  C:\Users\John_B\AppData\Local\Temp\ccbmgE67.s 			page 2


  32:Generated_Source\PSoC4/cyfitter_cfg.c ****     #define CYALIGNED __attribute__ ((aligned))
  33:Generated_Source\PSoC4/cyfitter_cfg.c ****     #define CY_CFG_UNUSED __attribute__ ((unused))
  34:Generated_Source\PSoC4/cyfitter_cfg.c ****     #ifndef CY_CFG_SECTION
  35:Generated_Source\PSoC4/cyfitter_cfg.c ****         #define CY_CFG_SECTION __attribute__ ((section(".psocinit")))
  36:Generated_Source\PSoC4/cyfitter_cfg.c ****     #endif
  37:Generated_Source\PSoC4/cyfitter_cfg.c ****     
  38:Generated_Source\PSoC4/cyfitter_cfg.c ****     #if defined(__ARMCC_VERSION)
  39:Generated_Source\PSoC4/cyfitter_cfg.c ****         #define CY_CFG_MEMORY_BARRIER() __memory_changed()
  40:Generated_Source\PSoC4/cyfitter_cfg.c ****     #else
  41:Generated_Source\PSoC4/cyfitter_cfg.c ****         #define CY_CFG_MEMORY_BARRIER() __sync_synchronize()
  42:Generated_Source\PSoC4/cyfitter_cfg.c ****     #endif
  43:Generated_Source\PSoC4/cyfitter_cfg.c ****     
  44:Generated_Source\PSoC4/cyfitter_cfg.c **** #elif defined(__ICCARM__)
  45:Generated_Source\PSoC4/cyfitter_cfg.c ****     #include <intrinsics.h>
  46:Generated_Source\PSoC4/cyfitter_cfg.c **** 
  47:Generated_Source\PSoC4/cyfitter_cfg.c ****     #define CYPACKED __packed
  48:Generated_Source\PSoC4/cyfitter_cfg.c ****     #define CYPACKED_ATTR 
  49:Generated_Source\PSoC4/cyfitter_cfg.c ****     #define CYALIGNED _Pragma("data_alignment=4")
  50:Generated_Source\PSoC4/cyfitter_cfg.c ****     #define CY_CFG_UNUSED _Pragma("diag_suppress=Pe177")
  51:Generated_Source\PSoC4/cyfitter_cfg.c ****     #define CY_CFG_SECTION _Pragma("location=\".psocinit\"")
  52:Generated_Source\PSoC4/cyfitter_cfg.c ****     
  53:Generated_Source\PSoC4/cyfitter_cfg.c ****     #define CY_CFG_MEMORY_BARRIER() __DMB()
  54:Generated_Source\PSoC4/cyfitter_cfg.c ****     
  55:Generated_Source\PSoC4/cyfitter_cfg.c **** #else
  56:Generated_Source\PSoC4/cyfitter_cfg.c ****     #error Unsupported toolchain
  57:Generated_Source\PSoC4/cyfitter_cfg.c **** #endif
  58:Generated_Source\PSoC4/cyfitter_cfg.c **** 
  59:Generated_Source\PSoC4/cyfitter_cfg.c **** #ifndef CYCODE
  60:Generated_Source\PSoC4/cyfitter_cfg.c ****     #define CYCODE
  61:Generated_Source\PSoC4/cyfitter_cfg.c **** #endif
  62:Generated_Source\PSoC4/cyfitter_cfg.c **** #ifndef CYDATA
  63:Generated_Source\PSoC4/cyfitter_cfg.c ****     #define CYDATA
  64:Generated_Source\PSoC4/cyfitter_cfg.c **** #endif
  65:Generated_Source\PSoC4/cyfitter_cfg.c **** #ifndef CYFAR
  66:Generated_Source\PSoC4/cyfitter_cfg.c ****     #define CYFAR
  67:Generated_Source\PSoC4/cyfitter_cfg.c **** #endif
  68:Generated_Source\PSoC4/cyfitter_cfg.c **** #ifndef CYXDATA
  69:Generated_Source\PSoC4/cyfitter_cfg.c ****     #define CYXDATA
  70:Generated_Source\PSoC4/cyfitter_cfg.c **** #endif
  71:Generated_Source\PSoC4/cyfitter_cfg.c **** 
  72:Generated_Source\PSoC4/cyfitter_cfg.c **** 
  73:Generated_Source\PSoC4/cyfitter_cfg.c **** CY_CFG_UNUSED
  74:Generated_Source\PSoC4/cyfitter_cfg.c **** static void CYMEMZERO(void *s, size_t n);
  75:Generated_Source\PSoC4/cyfitter_cfg.c **** CY_CFG_UNUSED
  76:Generated_Source\PSoC4/cyfitter_cfg.c **** static void CYMEMZERO(void *s, size_t n)
  77:Generated_Source\PSoC4/cyfitter_cfg.c **** {
  27              		.loc 1 77 0
  28              		.cfi_startproc
  29              		@ args = 0, pretend = 0, frame = 0
  30              		@ frame_needed = 0, uses_anonymous_args = 0
  31              	.LVL0:
  32 0000 10B5     		push	{r4, lr}
  33              		.cfi_def_cfa_offset 8
  34              		.cfi_offset 4, -8
  35              		.cfi_offset 14, -4
  36 0002 0A00     		movs	r2, r1
  78:Generated_Source\PSoC4/cyfitter_cfg.c **** 	(void)memset(s, 0, n);
ARM GAS  C:\Users\John_B\AppData\Local\Temp\ccbmgE67.s 			page 3


  37              		.loc 1 78 0
  38 0004 0021     		movs	r1, #0
  39              	.LVL1:
  40 0006 FFF7FEFF 		bl	memset
  41              	.LVL2:
  79:Generated_Source\PSoC4/cyfitter_cfg.c **** }
  42              		.loc 1 79 0
  43              		@ sp needed
  44 000a 10BD     		pop	{r4, pc}
  45              		.cfi_endproc
  46              	.LFE0:
  47              		.size	CYMEMZERO, .-CYMEMZERO
  48              		.section	.psocinit,"ax",%progbits
  49              		.align	2
  50              		.code	16
  51              		.thumb_func
  52              		.type	ClockSetup, %function
  53              	ClockSetup:
  54              	.LFB3:
  80:Generated_Source\PSoC4/cyfitter_cfg.c **** CY_CFG_UNUSED
  81:Generated_Source\PSoC4/cyfitter_cfg.c **** static void CYCONFIGCPY(void *dest, const void *src, size_t n);
  82:Generated_Source\PSoC4/cyfitter_cfg.c **** CY_CFG_UNUSED
  83:Generated_Source\PSoC4/cyfitter_cfg.c **** static void CYCONFIGCPY(void *dest, const void *src, size_t n)
  84:Generated_Source\PSoC4/cyfitter_cfg.c **** {
  85:Generated_Source\PSoC4/cyfitter_cfg.c **** 	(void)memcpy(dest, src, n);
  86:Generated_Source\PSoC4/cyfitter_cfg.c **** }
  87:Generated_Source\PSoC4/cyfitter_cfg.c **** CY_CFG_UNUSED
  88:Generated_Source\PSoC4/cyfitter_cfg.c **** static void CYCONFIGCPYCODE(void *dest, const void *src, size_t n);
  89:Generated_Source\PSoC4/cyfitter_cfg.c **** CY_CFG_UNUSED
  90:Generated_Source\PSoC4/cyfitter_cfg.c **** static void CYCONFIGCPYCODE(void *dest, const void *src, size_t n)
  91:Generated_Source\PSoC4/cyfitter_cfg.c **** {
  92:Generated_Source\PSoC4/cyfitter_cfg.c **** 	(void)memcpy(dest, src, n);
  93:Generated_Source\PSoC4/cyfitter_cfg.c **** }
  94:Generated_Source\PSoC4/cyfitter_cfg.c **** 
  95:Generated_Source\PSoC4/cyfitter_cfg.c **** 
  96:Generated_Source\PSoC4/cyfitter_cfg.c **** 
  97:Generated_Source\PSoC4/cyfitter_cfg.c **** 
  98:Generated_Source\PSoC4/cyfitter_cfg.c **** /* Clock startup error codes                                                   */
  99:Generated_Source\PSoC4/cyfitter_cfg.c **** #define CYCLOCKSTART_NO_ERROR    0u
 100:Generated_Source\PSoC4/cyfitter_cfg.c **** #define CYCLOCKSTART_XTAL_ERROR  1u
 101:Generated_Source\PSoC4/cyfitter_cfg.c **** #define CYCLOCKSTART_32KHZ_ERROR 2u
 102:Generated_Source\PSoC4/cyfitter_cfg.c **** #define CYCLOCKSTART_PLL_ERROR   3u
 103:Generated_Source\PSoC4/cyfitter_cfg.c **** #define CYCLOCKSTART_FLL_ERROR   4u
 104:Generated_Source\PSoC4/cyfitter_cfg.c **** #define CYCLOCKSTART_WCO_ERROR   5u
 105:Generated_Source\PSoC4/cyfitter_cfg.c **** 
 106:Generated_Source\PSoC4/cyfitter_cfg.c **** 
 107:Generated_Source\PSoC4/cyfitter_cfg.c **** #ifdef CY_NEED_CYCLOCKSTARTUPERROR
 108:Generated_Source\PSoC4/cyfitter_cfg.c **** /*******************************************************************************
 109:Generated_Source\PSoC4/cyfitter_cfg.c **** * Function Name: CyClockStartupError
 110:Generated_Source\PSoC4/cyfitter_cfg.c **** ********************************************************************************
 111:Generated_Source\PSoC4/cyfitter_cfg.c **** * Summary:
 112:Generated_Source\PSoC4/cyfitter_cfg.c **** *  If an error is encountered during clock configuration (crystal startup error,
 113:Generated_Source\PSoC4/cyfitter_cfg.c **** *  PLL lock error, etc.), the system will end up here.  Unless reimplemented by
 114:Generated_Source\PSoC4/cyfitter_cfg.c **** *  the customer, this function will stop in an infinite loop.
 115:Generated_Source\PSoC4/cyfitter_cfg.c **** *
 116:Generated_Source\PSoC4/cyfitter_cfg.c **** * Parameters:
 117:Generated_Source\PSoC4/cyfitter_cfg.c **** *   void
ARM GAS  C:\Users\John_B\AppData\Local\Temp\ccbmgE67.s 			page 4


 118:Generated_Source\PSoC4/cyfitter_cfg.c **** *
 119:Generated_Source\PSoC4/cyfitter_cfg.c **** * Return:
 120:Generated_Source\PSoC4/cyfitter_cfg.c **** *   void
 121:Generated_Source\PSoC4/cyfitter_cfg.c **** *
 122:Generated_Source\PSoC4/cyfitter_cfg.c **** *******************************************************************************/
 123:Generated_Source\PSoC4/cyfitter_cfg.c **** CY_CFG_UNUSED
 124:Generated_Source\PSoC4/cyfitter_cfg.c **** static void CyClockStartupError(uint8 errorCode);
 125:Generated_Source\PSoC4/cyfitter_cfg.c **** CY_CFG_UNUSED
 126:Generated_Source\PSoC4/cyfitter_cfg.c **** static void CyClockStartupError(uint8 errorCode)
 127:Generated_Source\PSoC4/cyfitter_cfg.c **** {
 128:Generated_Source\PSoC4/cyfitter_cfg.c ****     /* To remove the compiler warning if errorCode not used.                */
 129:Generated_Source\PSoC4/cyfitter_cfg.c ****     errorCode = errorCode;
 130:Generated_Source\PSoC4/cyfitter_cfg.c **** 
 131:Generated_Source\PSoC4/cyfitter_cfg.c ****     /* If we have a clock startup error (bad MHz crystal, PLL lock, etc.),  */
 132:Generated_Source\PSoC4/cyfitter_cfg.c ****     /* we will end up here to allow the customer to implement something to  */
 133:Generated_Source\PSoC4/cyfitter_cfg.c ****     /* deal with the clock condition.                                       */
 134:Generated_Source\PSoC4/cyfitter_cfg.c **** 
 135:Generated_Source\PSoC4/cyfitter_cfg.c **** #ifdef CY_CFG_CLOCK_STARTUP_ERROR_CALLBACK
 136:Generated_Source\PSoC4/cyfitter_cfg.c ****     CY_CFG_Clock_Startup_ErrorCallback();
 137:Generated_Source\PSoC4/cyfitter_cfg.c **** #else
 138:Generated_Source\PSoC4/cyfitter_cfg.c ****     /*  If not using CY_CFG_CLOCK_STARTUP_ERROR_CALLBACK, place your clock startup code here. */
 139:Generated_Source\PSoC4/cyfitter_cfg.c ****     /* `#START CyClockStartupError` */
 140:Generated_Source\PSoC4/cyfitter_cfg.c **** 
 141:Generated_Source\PSoC4/cyfitter_cfg.c **** 
 142:Generated_Source\PSoC4/cyfitter_cfg.c **** 
 143:Generated_Source\PSoC4/cyfitter_cfg.c ****     /* `#END` */
 144:Generated_Source\PSoC4/cyfitter_cfg.c **** 
 145:Generated_Source\PSoC4/cyfitter_cfg.c ****     while(1) {}
 146:Generated_Source\PSoC4/cyfitter_cfg.c **** #endif /* CY_CFG_CLOCK_STARTUP_ERROR_CALLBACK */
 147:Generated_Source\PSoC4/cyfitter_cfg.c **** }
 148:Generated_Source\PSoC4/cyfitter_cfg.c **** #endif
 149:Generated_Source\PSoC4/cyfitter_cfg.c **** 
 150:Generated_Source\PSoC4/cyfitter_cfg.c **** 
 151:Generated_Source\PSoC4/cyfitter_cfg.c **** 
 152:Generated_Source\PSoC4/cyfitter_cfg.c **** /*******************************************************************************
 153:Generated_Source\PSoC4/cyfitter_cfg.c **** * Function Name: ClockSetup
 154:Generated_Source\PSoC4/cyfitter_cfg.c **** ********************************************************************************
 155:Generated_Source\PSoC4/cyfitter_cfg.c **** *
 156:Generated_Source\PSoC4/cyfitter_cfg.c **** * Summary:
 157:Generated_Source\PSoC4/cyfitter_cfg.c **** *   Performs the initialization of all of the clocks in the device based on the
 158:Generated_Source\PSoC4/cyfitter_cfg.c **** *   settings in the Clock tab of the DWR.  This includes enabling the requested
 159:Generated_Source\PSoC4/cyfitter_cfg.c **** *   clocks and setting the necessary dividers to produce the desired frequency. 
 160:Generated_Source\PSoC4/cyfitter_cfg.c **** *
 161:Generated_Source\PSoC4/cyfitter_cfg.c **** * Parameters:
 162:Generated_Source\PSoC4/cyfitter_cfg.c **** *   void
 163:Generated_Source\PSoC4/cyfitter_cfg.c **** *
 164:Generated_Source\PSoC4/cyfitter_cfg.c **** * Return:
 165:Generated_Source\PSoC4/cyfitter_cfg.c **** *   void
 166:Generated_Source\PSoC4/cyfitter_cfg.c **** *
 167:Generated_Source\PSoC4/cyfitter_cfg.c **** *******************************************************************************/
 168:Generated_Source\PSoC4/cyfitter_cfg.c **** static void ClockSetup(void);
 169:Generated_Source\PSoC4/cyfitter_cfg.c **** CY_CFG_SECTION
 170:Generated_Source\PSoC4/cyfitter_cfg.c **** static void ClockSetup(void)
 171:Generated_Source\PSoC4/cyfitter_cfg.c **** {
  55              		.loc 1 171 0
  56              		.cfi_startproc
  57              		@ args = 0, pretend = 0, frame = 0
ARM GAS  C:\Users\John_B\AppData\Local\Temp\ccbmgE67.s 			page 5


  58              		@ frame_needed = 0, uses_anonymous_args = 0
  59 0000 70B5     		push	{r4, r5, r6, lr}
  60              		.cfi_def_cfa_offset 16
  61              		.cfi_offset 4, -16
  62              		.cfi_offset 5, -12
  63              		.cfi_offset 6, -8
  64              		.cfi_offset 14, -4
 172:Generated_Source\PSoC4/cyfitter_cfg.c **** 	/* Enable HALF_EN before trimming for the flash accelerator. */
 173:Generated_Source\PSoC4/cyfitter_cfg.c **** 	CY_SET_REG32((void CYXDATA *)(CYREG_CLK_SELECT), (CY_GET_REG32((void *)CYREG_CLK_SELECT) | 0x00040
  65              		.loc 1 173 0
  66 0002 0F4C     		ldr	r4, .L3
  67 0004 2368     		ldr	r3, [r4]
  68 0006 8022     		movs	r2, #128
  69 0008 D202     		lsls	r2, r2, #11
  70 000a 1343     		orrs	r3, r2
  71 000c 2360     		str	r3, [r4]
 174:Generated_Source\PSoC4/cyfitter_cfg.c **** 
 175:Generated_Source\PSoC4/cyfitter_cfg.c **** 	/* Setup and trim IMO based on desired frequency. */
 176:Generated_Source\PSoC4/cyfitter_cfg.c **** 	CySysClkWriteImoFreq(24u);
  72              		.loc 1 176 0
  73 000e 1820     		movs	r0, #24
  74 0010 FFF7FEFF 		bl	CySysClkWriteImoFreq
  75              	.LVL3:
 177:Generated_Source\PSoC4/cyfitter_cfg.c **** 
 178:Generated_Source\PSoC4/cyfitter_cfg.c **** 	/* Disable HALF_EN since it is not required at this IMO frequency. */
 179:Generated_Source\PSoC4/cyfitter_cfg.c **** 	CY_SET_REG32((void CYXDATA *)(CYREG_CLK_SELECT), (CY_GET_REG32((void *)CYREG_CLK_SELECT) & 0xFFFBF
  76              		.loc 1 179 0
  77 0014 2268     		ldr	r2, [r4]
  78 0016 0B4B     		ldr	r3, .L3+4
  79 0018 1340     		ands	r3, r2
  80 001a 2360     		str	r3, [r4]
 180:Generated_Source\PSoC4/cyfitter_cfg.c **** 	/* CYDEV_CLK_ILO_CONFIG Starting address: CYDEV_CLK_ILO_CONFIG */
 181:Generated_Source\PSoC4/cyfitter_cfg.c **** 	CY_SET_REG32((void *)(CYREG_CLK_ILO_CONFIG), 0x80000006u);
  81              		.loc 1 181 0
  82 001c 0A4A     		ldr	r2, .L3+8
  83 001e 0B4B     		ldr	r3, .L3+12
  84 0020 1A60     		str	r2, [r3]
 182:Generated_Source\PSoC4/cyfitter_cfg.c **** 
 183:Generated_Source\PSoC4/cyfitter_cfg.c **** 
 184:Generated_Source\PSoC4/cyfitter_cfg.c **** 	/* CYDEV_CLK_IMO_CONFIG Starting address: CYDEV_CLK_IMO_CONFIG */
 185:Generated_Source\PSoC4/cyfitter_cfg.c **** 	CY_SET_REG32((void *)(CYREG_CLK_IMO_CONFIG), 0x80000000u);
  85              		.loc 1 185 0
  86 0022 063A     		subs	r2, r2, #6
  87 0024 0A4B     		ldr	r3, .L3+16
  88 0026 1A60     		str	r2, [r3]
 186:Generated_Source\PSoC4/cyfitter_cfg.c **** 
 187:Generated_Source\PSoC4/cyfitter_cfg.c **** 	/* CYDEV_CLK_SELECT Starting address: CYDEV_CLK_SELECT */
 188:Generated_Source\PSoC4/cyfitter_cfg.c **** 	CY_SET_REG32((void *)(CYREG_CLK_SELECT), 0x00000000u);
  89              		.loc 1 188 0
  90 0028 0025     		movs	r5, #0
  91 002a 2560     		str	r5, [r4]
 189:Generated_Source\PSoC4/cyfitter_cfg.c **** 
 190:Generated_Source\PSoC4/cyfitter_cfg.c **** 	(void)CyIntSetVector(9u, &CySysWdtIsr);
  92              		.loc 1 190 0
  93 002c 0949     		ldr	r1, .L3+20
  94 002e 0920     		movs	r0, #9
  95 0030 FFF7FEFF 		bl	CyIntSetVector
ARM GAS  C:\Users\John_B\AppData\Local\Temp\ccbmgE67.s 			page 6


  96              	.LVL4:
 191:Generated_Source\PSoC4/cyfitter_cfg.c **** 	CyIntEnable(9u);
  97              		.loc 1 191 0
  98 0034 0920     		movs	r0, #9
  99 0036 FFF7FEFF 		bl	CyIntEnable
 100              	.LVL5:
 192:Generated_Source\PSoC4/cyfitter_cfg.c **** 	CY_SET_REG32((void *)(CYREG_WDT_CONFIG), 0x00000000u);
 101              		.loc 1 192 0
 102 003a 074B     		ldr	r3, .L3+24
 103 003c 1D60     		str	r5, [r3]
 193:Generated_Source\PSoC4/cyfitter_cfg.c **** }
 104              		.loc 1 193 0
 105              		@ sp needed
 106 003e 70BD     		pop	{r4, r5, r6, pc}
 107              	.L4:
 108              		.align	2
 109              	.L3:
 110 0040 00010B40 		.word	1074462976
 111 0044 FFFFFBFF 		.word	-262145
 112 0048 06000080 		.word	-2147483642
 113 004c 04010B40 		.word	1074462980
 114 0050 08010B40 		.word	1074462984
 115 0054 00000000 		.word	CySysWdtIsr
 116 0058 0C020B40 		.word	1074463244
 117              		.cfi_endproc
 118              	.LFE3:
 119              		.size	ClockSetup, .-ClockSetup
 120              		.align	2
 121              		.global	cyfitter_cfg
 122              		.code	16
 123              		.thumb_func
 124              		.type	cyfitter_cfg, %function
 125              	cyfitter_cfg:
 126              	.LFB5:
 194:Generated_Source\PSoC4/cyfitter_cfg.c **** 
 195:Generated_Source\PSoC4/cyfitter_cfg.c **** 
 196:Generated_Source\PSoC4/cyfitter_cfg.c **** /* Analog API Functions */
 197:Generated_Source\PSoC4/cyfitter_cfg.c **** 
 198:Generated_Source\PSoC4/cyfitter_cfg.c **** 
 199:Generated_Source\PSoC4/cyfitter_cfg.c **** /*******************************************************************************
 200:Generated_Source\PSoC4/cyfitter_cfg.c **** * Function Name: AnalogSetDefault
 201:Generated_Source\PSoC4/cyfitter_cfg.c **** ********************************************************************************
 202:Generated_Source\PSoC4/cyfitter_cfg.c **** *
 203:Generated_Source\PSoC4/cyfitter_cfg.c **** * Summary:
 204:Generated_Source\PSoC4/cyfitter_cfg.c **** *  Sets up the analog portions of the chip to default values based on chip
 205:Generated_Source\PSoC4/cyfitter_cfg.c **** *  configuration options from the project.
 206:Generated_Source\PSoC4/cyfitter_cfg.c **** *
 207:Generated_Source\PSoC4/cyfitter_cfg.c **** * Parameters:
 208:Generated_Source\PSoC4/cyfitter_cfg.c **** *  void
 209:Generated_Source\PSoC4/cyfitter_cfg.c **** *
 210:Generated_Source\PSoC4/cyfitter_cfg.c **** * Return:
 211:Generated_Source\PSoC4/cyfitter_cfg.c **** *  void
 212:Generated_Source\PSoC4/cyfitter_cfg.c **** *
 213:Generated_Source\PSoC4/cyfitter_cfg.c **** *******************************************************************************/
 214:Generated_Source\PSoC4/cyfitter_cfg.c **** static void AnalogSetDefault(void);
 215:Generated_Source\PSoC4/cyfitter_cfg.c **** static void AnalogSetDefault(void)
 216:Generated_Source\PSoC4/cyfitter_cfg.c **** {
ARM GAS  C:\Users\John_B\AppData\Local\Temp\ccbmgE67.s 			page 7


 217:Generated_Source\PSoC4/cyfitter_cfg.c **** }
 218:Generated_Source\PSoC4/cyfitter_cfg.c **** 
 219:Generated_Source\PSoC4/cyfitter_cfg.c **** 
 220:Generated_Source\PSoC4/cyfitter_cfg.c **** 
 221:Generated_Source\PSoC4/cyfitter_cfg.c **** 
 222:Generated_Source\PSoC4/cyfitter_cfg.c **** /*******************************************************************************
 223:Generated_Source\PSoC4/cyfitter_cfg.c **** * Function Name: cyfitter_cfg
 224:Generated_Source\PSoC4/cyfitter_cfg.c **** ********************************************************************************
 225:Generated_Source\PSoC4/cyfitter_cfg.c **** * Summary:
 226:Generated_Source\PSoC4/cyfitter_cfg.c **** *  This function is called by the start-up code for the selected device. It
 227:Generated_Source\PSoC4/cyfitter_cfg.c **** *  performs all of the necessary device configuration based on the design
 228:Generated_Source\PSoC4/cyfitter_cfg.c **** *  settings.  This includes settings from the Design Wide Resources (DWR) such
 229:Generated_Source\PSoC4/cyfitter_cfg.c **** *  as Clocks and Pins as well as any component configuration that is necessary.
 230:Generated_Source\PSoC4/cyfitter_cfg.c **** *
 231:Generated_Source\PSoC4/cyfitter_cfg.c **** * Parameters:
 232:Generated_Source\PSoC4/cyfitter_cfg.c **** *   void
 233:Generated_Source\PSoC4/cyfitter_cfg.c **** *
 234:Generated_Source\PSoC4/cyfitter_cfg.c **** * Return:
 235:Generated_Source\PSoC4/cyfitter_cfg.c **** *   void
 236:Generated_Source\PSoC4/cyfitter_cfg.c **** *
 237:Generated_Source\PSoC4/cyfitter_cfg.c **** *******************************************************************************/
 238:Generated_Source\PSoC4/cyfitter_cfg.c **** CY_CFG_SECTION
 239:Generated_Source\PSoC4/cyfitter_cfg.c **** void cyfitter_cfg(void)
 240:Generated_Source\PSoC4/cyfitter_cfg.c **** {
 127              		.loc 1 240 0
 128              		.cfi_startproc
 129              		@ args = 0, pretend = 0, frame = 0
 130              		@ frame_needed = 0, uses_anonymous_args = 0
 131 005c 10B5     		push	{r4, lr}
 132              		.cfi_def_cfa_offset 8
 133              		.cfi_offset 4, -8
 134              		.cfi_offset 14, -4
 241:Generated_Source\PSoC4/cyfitter_cfg.c **** 	/* Disable interrupts by default. Let user enable if/when they want. */
 242:Generated_Source\PSoC4/cyfitter_cfg.c **** 	CyGlobalIntDisable;
 135              		.loc 1 242 0
 136              		.syntax divided
 137              	@ 242 "Generated_Source\PSoC4\cyfitter_cfg.c" 1
 138 005e 72B6     		CPSID   i
 139              	@ 0 "" 2
 140              	.LVL6:
 141              		.thumb
 142              		.syntax unified
 143              	.LBB2:
 243:Generated_Source\PSoC4/cyfitter_cfg.c **** 
 244:Generated_Source\PSoC4/cyfitter_cfg.c **** 	{
 245:Generated_Source\PSoC4/cyfitter_cfg.c **** 
 246:Generated_Source\PSoC4/cyfitter_cfg.c **** 		CYPACKED typedef struct {
 247:Generated_Source\PSoC4/cyfitter_cfg.c **** 			void CYFAR *address;
 248:Generated_Source\PSoC4/cyfitter_cfg.c **** 			uint16 size;
 249:Generated_Source\PSoC4/cyfitter_cfg.c **** 		} CYPACKED_ATTR cfg_memset_t;
 250:Generated_Source\PSoC4/cyfitter_cfg.c **** 
 251:Generated_Source\PSoC4/cyfitter_cfg.c **** 		static const cfg_memset_t CYCODE cfg_memset_list[] = {
 252:Generated_Source\PSoC4/cyfitter_cfg.c **** 			/* address, size */
 253:Generated_Source\PSoC4/cyfitter_cfg.c **** 			{(void CYFAR *)(CYDEV_UDB_P0_U0_BASE), 1024u},
 254:Generated_Source\PSoC4/cyfitter_cfg.c **** 			{(void CYFAR *)(CYDEV_UDB_DSI0_BASE), 1024u},
 255:Generated_Source\PSoC4/cyfitter_cfg.c **** 		};
 256:Generated_Source\PSoC4/cyfitter_cfg.c **** 
ARM GAS  C:\Users\John_B\AppData\Local\Temp\ccbmgE67.s 			page 8


 257:Generated_Source\PSoC4/cyfitter_cfg.c **** 		uint8 CYDATA i;
 258:Generated_Source\PSoC4/cyfitter_cfg.c **** 
 259:Generated_Source\PSoC4/cyfitter_cfg.c **** 		/* Zero out critical memory blocks before beginning configuration */
 260:Generated_Source\PSoC4/cyfitter_cfg.c **** 		for (i = 0u; i < (sizeof(cfg_memset_list)/sizeof(cfg_memset_list[0])); i++)
 144              		.loc 1 260 0
 145 0060 0024     		movs	r4, #0
 146 0062 0FE0     		b	.L6
 147              	.LVL7:
 148              	.L7:
 149              	.LBB3:
 261:Generated_Source\PSoC4/cyfitter_cfg.c **** 		{
 262:Generated_Source\PSoC4/cyfitter_cfg.c **** 			const cfg_memset_t CYCODE * CYDATA ms = &cfg_memset_list[i];
 263:Generated_Source\PSoC4/cyfitter_cfg.c **** 			CYMEMZERO(ms->address, (size_t)(uint32)(ms->size));
 150              		.loc 1 263 0 discriminator 3
 151 0064 1648     		ldr	r0, .L8
 152 0066 6200     		lsls	r2, r4, #1
 153 0068 1319     		adds	r3, r2, r4
 154 006a 5900     		lsls	r1, r3, #1
 155 006c 0B00     		movs	r3, r1
 156 006e 4118     		adds	r1, r0, r1
 157 0070 8988     		ldrh	r1, [r1, #4]
 158 0072 1A5A     		ldrh	r2, [r3, r0]
 159 0074 C318     		adds	r3, r0, r3
 160 0076 5888     		ldrh	r0, [r3, #2]
 161 0078 0004     		lsls	r0, r0, #16
 162 007a 1043     		orrs	r0, r2
 163 007c FFF7FEFF 		bl	CYMEMZERO
 164              	.LVL8:
 165              	.LBE3:
 260:Generated_Source\PSoC4/cyfitter_cfg.c **** 		{
 166              		.loc 1 260 0 discriminator 3
 167 0080 0134     		adds	r4, r4, #1
 168              	.LVL9:
 169 0082 E4B2     		uxtb	r4, r4
 170              	.LVL10:
 171              	.L6:
 260:Generated_Source\PSoC4/cyfitter_cfg.c **** 		{
 172              		.loc 1 260 0 is_stmt 0 discriminator 1
 173 0084 012C     		cmp	r4, #1
 174 0086 EDD9     		bls	.L7
 264:Generated_Source\PSoC4/cyfitter_cfg.c **** 		}
 265:Generated_Source\PSoC4/cyfitter_cfg.c **** 
 266:Generated_Source\PSoC4/cyfitter_cfg.c **** 		/* HSIOM Starting address: CYDEV_HSIOM_BASE */
 267:Generated_Source\PSoC4/cyfitter_cfg.c **** 		CY_SET_REG32((void *)(CYREG_HSIOM_PORT_SEL3), 0x0000EE00u);
 175              		.loc 1 267 0 is_stmt 1
 176 0088 EE22     		movs	r2, #238
 177 008a 1202     		lsls	r2, r2, #8
 178 008c 0D4B     		ldr	r3, .L8+4
 179 008e 1A60     		str	r2, [r3]
 268:Generated_Source\PSoC4/cyfitter_cfg.c **** 
 269:Generated_Source\PSoC4/cyfitter_cfg.c **** 		/* UDB_PA_0 Starting address: CYDEV_UDB_PA0_BASE */
 270:Generated_Source\PSoC4/cyfitter_cfg.c **** 		CY_SET_REG32((void *)(CYDEV_UDB_PA0_BASE), 0x00990000u);
 180              		.loc 1 270 0
 181 0090 9923     		movs	r3, #153
 182 0092 1B04     		lsls	r3, r3, #16
 183 0094 0C4A     		ldr	r2, .L8+8
 184 0096 1360     		str	r3, [r2]
ARM GAS  C:\Users\John_B\AppData\Local\Temp\ccbmgE67.s 			page 9


 271:Generated_Source\PSoC4/cyfitter_cfg.c **** 
 272:Generated_Source\PSoC4/cyfitter_cfg.c **** 		/* UDB_PA_3 Starting address: CYDEV_UDB_PA3_BASE */
 273:Generated_Source\PSoC4/cyfitter_cfg.c **** 		CY_SET_REG32((void *)(CYDEV_UDB_PA3_BASE), 0x00990000u);
 185              		.loc 1 273 0
 186 0098 0C4A     		ldr	r2, .L8+12
 187 009a 1360     		str	r3, [r2]
 274:Generated_Source\PSoC4/cyfitter_cfg.c **** 
 275:Generated_Source\PSoC4/cyfitter_cfg.c **** 		/* Enable digital routing */
 276:Generated_Source\PSoC4/cyfitter_cfg.c **** 		CY_SET_XTND_REG8((void *)CYREG_UDB_UDBIF_BANK_CTL, (uint8)(CY_GET_XTND_REG8((void *)CYREG_UDB_UDB
 188              		.loc 1 276 0
 189 009c 0C4A     		ldr	r2, .L8+16
 190 009e 1178     		ldrb	r1, [r2]
 191 00a0 0623     		movs	r3, #6
 192 00a2 0B43     		orrs	r3, r1
 193 00a4 DBB2     		uxtb	r3, r3
 194 00a6 1370     		strb	r3, [r2]
 195              	.LBE2:
 277:Generated_Source\PSoC4/cyfitter_cfg.c **** 	}
 278:Generated_Source\PSoC4/cyfitter_cfg.c **** 
 279:Generated_Source\PSoC4/cyfitter_cfg.c **** 	/* Perform second pass device configuration. These items must be configured in specific order afte
 280:Generated_Source\PSoC4/cyfitter_cfg.c **** 	/* IOPINS0_0 Starting address: CYDEV_PRT0_BASE */
 281:Generated_Source\PSoC4/cyfitter_cfg.c **** 	CY_SET_REG32((void *)(CYDEV_PRT0_BASE), 0x0000000Fu);
 196              		.loc 1 281 0
 197 00a8 0F22     		movs	r2, #15
 198 00aa 0A4B     		ldr	r3, .L8+20
 199 00ac 1A60     		str	r2, [r3]
 282:Generated_Source\PSoC4/cyfitter_cfg.c **** 	CY_SET_REG32((void *)(CYREG_PRT0_PC), 0x00000DB6u);
 200              		.loc 1 282 0
 201 00ae 0A4A     		ldr	r2, .L8+24
 202 00b0 0A4B     		ldr	r3, .L8+28
 203 00b2 1A60     		str	r2, [r3]
 283:Generated_Source\PSoC4/cyfitter_cfg.c **** 
 284:Generated_Source\PSoC4/cyfitter_cfg.c **** 	/* IOPINS0_3 Starting address: CYDEV_PRT3_BASE */
 285:Generated_Source\PSoC4/cyfitter_cfg.c **** 	CY_SET_REG32((void *)(CYREG_PRT3_PC), 0x00000D80u);
 204              		.loc 1 285 0
 205 00b4 363A     		subs	r2, r2, #54
 206 00b6 0A4B     		ldr	r3, .L8+32
 207 00b8 1A60     		str	r2, [r3]
 286:Generated_Source\PSoC4/cyfitter_cfg.c **** 
 287:Generated_Source\PSoC4/cyfitter_cfg.c **** 
 288:Generated_Source\PSoC4/cyfitter_cfg.c **** 	/* Setup clocks based on selections from Clock DWR */
 289:Generated_Source\PSoC4/cyfitter_cfg.c **** 	ClockSetup();
 208              		.loc 1 289 0
 209 00ba FFF7A1FF 		bl	ClockSetup
 210              	.LVL11:
 290:Generated_Source\PSoC4/cyfitter_cfg.c **** 
 291:Generated_Source\PSoC4/cyfitter_cfg.c **** 	/* Perform basic analog initialization to defaults */
 292:Generated_Source\PSoC4/cyfitter_cfg.c **** 	AnalogSetDefault();
 293:Generated_Source\PSoC4/cyfitter_cfg.c **** 
 294:Generated_Source\PSoC4/cyfitter_cfg.c **** }
 211              		.loc 1 294 0
 212              		@ sp needed
 213              	.LVL12:
 214 00be 10BD     		pop	{r4, pc}
 215              	.L9:
 216              		.align	2
 217              	.L8:
ARM GAS  C:\Users\John_B\AppData\Local\Temp\ccbmgE67.s 			page 10


 218 00c0 00000000 		.word	.LANCHOR0
 219 00c4 0C000140 		.word	1073807372
 220 00c8 00500F40 		.word	1074745344
 221 00cc 30500F40 		.word	1074745392
 222 00d0 00700F40 		.word	1074753536
 223 00d4 00000440 		.word	1074003968
 224 00d8 B60D0000 		.word	3510
 225 00dc 08000440 		.word	1074003976
 226 00e0 08030440 		.word	1074004744
 227              		.cfi_endproc
 228              	.LFE5:
 229              		.size	cyfitter_cfg, .-cyfitter_cfg
 230              		.section	.rodata
 231              		.align	2
 232              		.set	.LANCHOR0,. + 0
 233              		.type	cfg_memset_list.4847, %object
 234              		.size	cfg_memset_list.4847, 12
 235              	cfg_memset_list.4847:
 236 0000 00300F40 		.word	1074737152
 237 0004 0004     		.short	1024
 238 0006 00400F40 		.4byte	1074741248
 239 000a 0004     		.short	1024
 240              		.text
 241              	.Letext0:
 242              		.file 2 "c:\\program files (x86)\\cypress\\psoc creator\\4.3\\psoc creator\\import\\gnu\\arm\\5.4.
 243              		.file 3 "Generated_Source\\PSoC4\\cytypes.h"
 244              		.file 4 "Generated_Source\\PSoC4\\CyLib.h"
 245              		.section	.debug_info,"",%progbits
 246              	.Ldebug_info0:
 247 0000 74020000 		.4byte	0x274
 248 0004 0400     		.2byte	0x4
 249 0006 00000000 		.4byte	.Ldebug_abbrev0
 250 000a 04       		.byte	0x4
 251 000b 01       		.uleb128 0x1
 252 000c 4C010000 		.4byte	.LASF29
 253 0010 0C       		.byte	0xc
 254 0011 43020000 		.4byte	.LASF30
 255 0015 A4000000 		.4byte	.LASF31
 256 0019 00000000 		.4byte	.Ldebug_ranges0+0
 257 001d 00000000 		.4byte	0
 258 0021 00000000 		.4byte	.Ldebug_line0
 259 0025 02       		.uleb128 0x2
 260 0026 04       		.byte	0x4
 261 0027 05       		.byte	0x5
 262 0028 696E7400 		.ascii	"int\000"
 263 002c 03       		.uleb128 0x3
 264 002d 06000000 		.4byte	.LASF12
 265 0031 02       		.byte	0x2
 266 0032 D8       		.byte	0xd8
 267 0033 37000000 		.4byte	0x37
 268 0037 04       		.uleb128 0x4
 269 0038 04       		.byte	0x4
 270 0039 07       		.byte	0x7
 271 003a 13010000 		.4byte	.LASF0
 272 003e 04       		.uleb128 0x4
 273 003f 08       		.byte	0x8
 274 0040 05       		.byte	0x5
ARM GAS  C:\Users\John_B\AppData\Local\Temp\ccbmgE67.s 			page 11


 275 0041 F0010000 		.4byte	.LASF1
 276 0045 04       		.uleb128 0x4
 277 0046 08       		.byte	0x8
 278 0047 04       		.byte	0x4
 279 0048 2B020000 		.4byte	.LASF2
 280 004c 04       		.uleb128 0x4
 281 004d 01       		.byte	0x1
 282 004e 06       		.byte	0x6
 283 004f 37020000 		.4byte	.LASF3
 284 0053 04       		.uleb128 0x4
 285 0054 01       		.byte	0x1
 286 0055 08       		.byte	0x8
 287 0056 7C000000 		.4byte	.LASF4
 288 005a 04       		.uleb128 0x4
 289 005b 02       		.byte	0x2
 290 005c 05       		.byte	0x5
 291 005d 03020000 		.4byte	.LASF5
 292 0061 04       		.uleb128 0x4
 293 0062 02       		.byte	0x2
 294 0063 07       		.byte	0x7
 295 0064 37000000 		.4byte	.LASF6
 296 0068 04       		.uleb128 0x4
 297 0069 04       		.byte	0x4
 298 006a 05       		.byte	0x5
 299 006b 22020000 		.4byte	.LASF7
 300 006f 04       		.uleb128 0x4
 301 0070 04       		.byte	0x4
 302 0071 07       		.byte	0x7
 303 0072 5A000000 		.4byte	.LASF8
 304 0076 04       		.uleb128 0x4
 305 0077 08       		.byte	0x8
 306 0078 07       		.byte	0x7
 307 0079 35010000 		.4byte	.LASF9
 308 007d 04       		.uleb128 0x4
 309 007e 04       		.byte	0x4
 310 007f 07       		.byte	0x7
 311 0080 E7010000 		.4byte	.LASF10
 312 0084 05       		.uleb128 0x5
 313 0085 04       		.byte	0x4
 314 0086 04       		.uleb128 0x4
 315 0087 01       		.byte	0x1
 316 0088 08       		.byte	0x8
 317 0089 FE010000 		.4byte	.LASF11
 318 008d 06       		.uleb128 0x6
 319 008e 6C000000 		.4byte	.LASF13
 320 0092 03       		.byte	0x3
 321 0093 F701     		.2byte	0x1f7
 322 0095 53000000 		.4byte	0x53
 323 0099 06       		.uleb128 0x6
 324 009a 05010000 		.4byte	.LASF14
 325 009e 03       		.byte	0x3
 326 009f F801     		.2byte	0x1f8
 327 00a1 61000000 		.4byte	0x61
 328 00a5 06       		.uleb128 0x6
 329 00a6 0C010000 		.4byte	.LASF15
 330 00aa 03       		.byte	0x3
 331 00ab F901     		.2byte	0x1f9
ARM GAS  C:\Users\John_B\AppData\Local\Temp\ccbmgE67.s 			page 12


 332 00ad 6F000000 		.4byte	0x6f
 333 00b1 04       		.uleb128 0x4
 334 00b2 04       		.byte	0x4
 335 00b3 04       		.byte	0x4
 336 00b4 4A000000 		.4byte	.LASF16
 337 00b8 04       		.uleb128 0x4
 338 00b9 08       		.byte	0x8
 339 00ba 04       		.byte	0x4
 340 00bb 91000000 		.4byte	.LASF17
 341 00bf 06       		.uleb128 0x6
 342 00c0 55000000 		.4byte	.LASF18
 343 00c4 03       		.byte	0x3
 344 00c5 A102     		.2byte	0x2a1
 345 00c7 CB000000 		.4byte	0xcb
 346 00cb 07       		.uleb128 0x7
 347 00cc 8D000000 		.4byte	0x8d
 348 00d0 06       		.uleb128 0x6
 349 00d1 00000000 		.4byte	.LASF19
 350 00d5 03       		.byte	0x3
 351 00d6 A302     		.2byte	0x2a3
 352 00d8 DC000000 		.4byte	0xdc
 353 00dc 07       		.uleb128 0x7
 354 00dd A5000000 		.4byte	0xa5
 355 00e1 08       		.uleb128 0x8
 356 00e2 72000000 		.4byte	.LASF20
 357 00e6 01       		.byte	0x1
 358 00e7 4C       		.byte	0x4c
 359 00e8 00000000 		.4byte	.LFB0
 360 00ec 0C000000 		.4byte	.LFE0-.LFB0
 361 00f0 01       		.uleb128 0x1
 362 00f1 9C       		.byte	0x9c
 363 00f2 2E010000 		.4byte	0x12e
 364 00f6 09       		.uleb128 0x9
 365 00f7 7300     		.ascii	"s\000"
 366 00f9 01       		.byte	0x1
 367 00fa 4C       		.byte	0x4c
 368 00fb 84000000 		.4byte	0x84
 369 00ff 00000000 		.4byte	.LLST0
 370 0103 09       		.uleb128 0x9
 371 0104 6E00     		.ascii	"n\000"
 372 0106 01       		.byte	0x1
 373 0107 4C       		.byte	0x4c
 374 0108 2C000000 		.4byte	0x2c
 375 010c 21000000 		.4byte	.LLST1
 376 0110 0A       		.uleb128 0xa
 377 0111 0A000000 		.4byte	.LVL2
 378 0115 4D020000 		.4byte	0x24d
 379 0119 0B       		.uleb128 0xb
 380 011a 01       		.uleb128 0x1
 381 011b 50       		.byte	0x50
 382 011c 03       		.uleb128 0x3
 383 011d F3       		.byte	0xf3
 384 011e 01       		.uleb128 0x1
 385 011f 50       		.byte	0x50
 386 0120 0B       		.uleb128 0xb
 387 0121 01       		.uleb128 0x1
 388 0122 51       		.byte	0x51
ARM GAS  C:\Users\John_B\AppData\Local\Temp\ccbmgE67.s 			page 13


 389 0123 01       		.uleb128 0x1
 390 0124 30       		.byte	0x30
 391 0125 0B       		.uleb128 0xb
 392 0126 01       		.uleb128 0x1
 393 0127 52       		.byte	0x52
 394 0128 03       		.uleb128 0x3
 395 0129 F3       		.byte	0xf3
 396 012a 01       		.uleb128 0x1
 397 012b 51       		.byte	0x51
 398 012c 00       		.byte	0
 399 012d 00       		.byte	0
 400 012e 08       		.uleb128 0x8
 401 012f 2C000000 		.4byte	.LASF21
 402 0133 01       		.byte	0x1
 403 0134 AA       		.byte	0xaa
 404 0135 00000000 		.4byte	.LFB3
 405 0139 5C000000 		.4byte	.LFE3-.LFB3
 406 013d 01       		.uleb128 0x1
 407 013e 9C       		.byte	0x9c
 408 013f 79010000 		.4byte	0x179
 409 0143 0C       		.uleb128 0xc
 410 0144 14000000 		.4byte	.LVL3
 411 0148 56020000 		.4byte	0x256
 412 014c 56010000 		.4byte	0x156
 413 0150 0B       		.uleb128 0xb
 414 0151 01       		.uleb128 0x1
 415 0152 50       		.byte	0x50
 416 0153 01       		.uleb128 0x1
 417 0154 48       		.byte	0x48
 418 0155 00       		.byte	0
 419 0156 0C       		.uleb128 0xc
 420 0157 34000000 		.4byte	.LVL4
 421 015b 61020000 		.4byte	0x261
 422 015f 69010000 		.4byte	0x169
 423 0163 0B       		.uleb128 0xb
 424 0164 01       		.uleb128 0x1
 425 0165 50       		.byte	0x50
 426 0166 01       		.uleb128 0x1
 427 0167 39       		.byte	0x39
 428 0168 00       		.byte	0
 429 0169 0A       		.uleb128 0xa
 430 016a 3A000000 		.4byte	.LVL5
 431 016e 6C020000 		.4byte	0x26c
 432 0172 0B       		.uleb128 0xb
 433 0173 01       		.uleb128 0x1
 434 0174 50       		.byte	0x50
 435 0175 01       		.uleb128 0x1
 436 0176 39       		.byte	0x39
 437 0177 00       		.byte	0
 438 0178 00       		.byte	0
 439 0179 0D       		.uleb128 0xd
 440 017a 20010000 		.4byte	.LASF32
 441 017e 01       		.byte	0x1
 442 017f EF       		.byte	0xef
 443 0180 5C000000 		.4byte	.LFB5
 444 0184 88000000 		.4byte	.LFE5-.LFB5
 445 0188 01       		.uleb128 0x1
ARM GAS  C:\Users\John_B\AppData\Local\Temp\ccbmgE67.s 			page 14


 446 0189 9C       		.byte	0x9c
 447 018a 4D020000 		.4byte	0x24d
 448 018e 0E       		.uleb128 0xe
 449 018f 60000000 		.4byte	.LBB2
 450 0193 48000000 		.4byte	.LBE2-.LBB2
 451 0197 43020000 		.4byte	0x243
 452 019b 0F       		.uleb128 0xf
 453 019c 06       		.byte	0x6
 454 019d 01       		.byte	0x1
 455 019e F6       		.byte	0xf6
 456 019f BC010000 		.4byte	0x1bc
 457 01a3 10       		.uleb128 0x10
 458 01a4 2D010000 		.4byte	.LASF22
 459 01a8 01       		.byte	0x1
 460 01a9 F7       		.byte	0xf7
 461 01aa 84000000 		.4byte	0x84
 462 01ae 00       		.byte	0
 463 01af 10       		.uleb128 0x10
 464 01b0 50000000 		.4byte	.LASF23
 465 01b4 01       		.byte	0x1
 466 01b5 F8       		.byte	0xf8
 467 01b6 99000000 		.4byte	0x99
 468 01ba 04       		.byte	0x4
 469 01bb 00       		.byte	0
 470 01bc 03       		.uleb128 0x3
 471 01bd DA010000 		.4byte	.LASF24
 472 01c1 01       		.byte	0x1
 473 01c2 F9       		.byte	0xf9
 474 01c3 9B010000 		.4byte	0x19b
 475 01c7 11       		.uleb128 0x11
 476 01c8 D7010000 		.4byte	0x1d7
 477 01cc D7010000 		.4byte	0x1d7
 478 01d0 12       		.uleb128 0x12
 479 01d1 7D000000 		.4byte	0x7d
 480 01d5 01       		.byte	0x1
 481 01d6 00       		.byte	0
 482 01d7 13       		.uleb128 0x13
 483 01d8 BC010000 		.4byte	0x1bc
 484 01dc 14       		.uleb128 0x14
 485 01dd 1C000000 		.4byte	.LASF25
 486 01e1 01       		.byte	0x1
 487 01e2 FB       		.byte	0xfb
 488 01e3 ED010000 		.4byte	0x1ed
 489 01e7 05       		.uleb128 0x5
 490 01e8 03       		.byte	0x3
 491 01e9 00000000 		.4byte	cfg_memset_list.4847
 492 01ed 13       		.uleb128 0x13
 493 01ee C7010000 		.4byte	0x1c7
 494 01f2 15       		.uleb128 0x15
 495 01f3 6900     		.ascii	"i\000"
 496 01f5 01       		.byte	0x1
 497 01f6 0101     		.2byte	0x101
 498 01f8 8D000000 		.4byte	0x8d
 499 01fc 4D000000 		.4byte	.LLST2
 500 0200 16       		.uleb128 0x16
 501 0201 64000000 		.4byte	.LBB3
 502 0205 1C000000 		.4byte	.LBE3-.LBB3
ARM GAS  C:\Users\John_B\AppData\Local\Temp\ccbmgE67.s 			page 15


 503 0209 15       		.uleb128 0x15
 504 020a 6D7300   		.ascii	"ms\000"
 505 020d 01       		.byte	0x1
 506 020e 0601     		.2byte	0x106
 507 0210 18020000 		.4byte	0x218
 508 0214 77000000 		.4byte	.LLST3
 509 0218 17       		.uleb128 0x17
 510 0219 04       		.byte	0x4
 511 021a D7010000 		.4byte	0x1d7
 512 021e 0A       		.uleb128 0xa
 513 021f 80000000 		.4byte	.LVL8
 514 0223 E1000000 		.4byte	0xe1
 515 0227 0B       		.uleb128 0xb
 516 0228 01       		.uleb128 0x1
 517 0229 51       		.byte	0x51
 518 022a 15       		.uleb128 0x15
 519 022b 74       		.byte	0x74
 520 022c 00       		.sleb128 0
 521 022d 31       		.byte	0x31
 522 022e 24       		.byte	0x24
 523 022f 74       		.byte	0x74
 524 0230 00       		.sleb128 0
 525 0231 22       		.byte	0x22
 526 0232 31       		.byte	0x31
 527 0233 24       		.byte	0x24
 528 0234 03       		.byte	0x3
 529 0235 04000000 		.4byte	.LANCHOR0+4
 530 0239 22       		.byte	0x22
 531 023a 94       		.byte	0x94
 532 023b 02       		.byte	0x2
 533 023c 0A       		.byte	0xa
 534 023d FFFF     		.2byte	0xffff
 535 023f 1A       		.byte	0x1a
 536 0240 00       		.byte	0
 537 0241 00       		.byte	0
 538 0242 00       		.byte	0
 539 0243 18       		.uleb128 0x18
 540 0244 BE000000 		.4byte	.LVL11
 541 0248 2E010000 		.4byte	0x12e
 542 024c 00       		.byte	0
 543 024d 19       		.uleb128 0x19
 544 024e 8A000000 		.4byte	.LASF33
 545 0252 8A000000 		.4byte	.LASF33
 546 0256 1A       		.uleb128 0x1a
 547 0257 0D020000 		.4byte	.LASF26
 548 025b 0D020000 		.4byte	.LASF26
 549 025f 04       		.byte	0x4
 550 0260 6C       		.byte	0x6c
 551 0261 1A       		.uleb128 0x1a
 552 0262 0D000000 		.4byte	.LASF27
 553 0266 0D000000 		.4byte	.LASF27
 554 026a 04       		.byte	0x4
 555 026b D0       		.byte	0xd0
 556 026c 1A       		.uleb128 0x1a
 557 026d 98000000 		.4byte	.LASF28
 558 0271 98000000 		.4byte	.LASF28
 559 0275 04       		.byte	0x4
ARM GAS  C:\Users\John_B\AppData\Local\Temp\ccbmgE67.s 			page 16


 560 0276 D6       		.byte	0xd6
 561 0277 00       		.byte	0
 562              		.section	.debug_abbrev,"",%progbits
 563              	.Ldebug_abbrev0:
 564 0000 01       		.uleb128 0x1
 565 0001 11       		.uleb128 0x11
 566 0002 01       		.byte	0x1
 567 0003 25       		.uleb128 0x25
 568 0004 0E       		.uleb128 0xe
 569 0005 13       		.uleb128 0x13
 570 0006 0B       		.uleb128 0xb
 571 0007 03       		.uleb128 0x3
 572 0008 0E       		.uleb128 0xe
 573 0009 1B       		.uleb128 0x1b
 574 000a 0E       		.uleb128 0xe
 575 000b 55       		.uleb128 0x55
 576 000c 17       		.uleb128 0x17
 577 000d 11       		.uleb128 0x11
 578 000e 01       		.uleb128 0x1
 579 000f 10       		.uleb128 0x10
 580 0010 17       		.uleb128 0x17
 581 0011 00       		.byte	0
 582 0012 00       		.byte	0
 583 0013 02       		.uleb128 0x2
 584 0014 24       		.uleb128 0x24
 585 0015 00       		.byte	0
 586 0016 0B       		.uleb128 0xb
 587 0017 0B       		.uleb128 0xb
 588 0018 3E       		.uleb128 0x3e
 589 0019 0B       		.uleb128 0xb
 590 001a 03       		.uleb128 0x3
 591 001b 08       		.uleb128 0x8
 592 001c 00       		.byte	0
 593 001d 00       		.byte	0
 594 001e 03       		.uleb128 0x3
 595 001f 16       		.uleb128 0x16
 596 0020 00       		.byte	0
 597 0021 03       		.uleb128 0x3
 598 0022 0E       		.uleb128 0xe
 599 0023 3A       		.uleb128 0x3a
 600 0024 0B       		.uleb128 0xb
 601 0025 3B       		.uleb128 0x3b
 602 0026 0B       		.uleb128 0xb
 603 0027 49       		.uleb128 0x49
 604 0028 13       		.uleb128 0x13
 605 0029 00       		.byte	0
 606 002a 00       		.byte	0
 607 002b 04       		.uleb128 0x4
 608 002c 24       		.uleb128 0x24
 609 002d 00       		.byte	0
 610 002e 0B       		.uleb128 0xb
 611 002f 0B       		.uleb128 0xb
 612 0030 3E       		.uleb128 0x3e
 613 0031 0B       		.uleb128 0xb
 614 0032 03       		.uleb128 0x3
 615 0033 0E       		.uleb128 0xe
 616 0034 00       		.byte	0
ARM GAS  C:\Users\John_B\AppData\Local\Temp\ccbmgE67.s 			page 17


 617 0035 00       		.byte	0
 618 0036 05       		.uleb128 0x5
 619 0037 0F       		.uleb128 0xf
 620 0038 00       		.byte	0
 621 0039 0B       		.uleb128 0xb
 622 003a 0B       		.uleb128 0xb
 623 003b 00       		.byte	0
 624 003c 00       		.byte	0
 625 003d 06       		.uleb128 0x6
 626 003e 16       		.uleb128 0x16
 627 003f 00       		.byte	0
 628 0040 03       		.uleb128 0x3
 629 0041 0E       		.uleb128 0xe
 630 0042 3A       		.uleb128 0x3a
 631 0043 0B       		.uleb128 0xb
 632 0044 3B       		.uleb128 0x3b
 633 0045 05       		.uleb128 0x5
 634 0046 49       		.uleb128 0x49
 635 0047 13       		.uleb128 0x13
 636 0048 00       		.byte	0
 637 0049 00       		.byte	0
 638 004a 07       		.uleb128 0x7
 639 004b 35       		.uleb128 0x35
 640 004c 00       		.byte	0
 641 004d 49       		.uleb128 0x49
 642 004e 13       		.uleb128 0x13
 643 004f 00       		.byte	0
 644 0050 00       		.byte	0
 645 0051 08       		.uleb128 0x8
 646 0052 2E       		.uleb128 0x2e
 647 0053 01       		.byte	0x1
 648 0054 03       		.uleb128 0x3
 649 0055 0E       		.uleb128 0xe
 650 0056 3A       		.uleb128 0x3a
 651 0057 0B       		.uleb128 0xb
 652 0058 3B       		.uleb128 0x3b
 653 0059 0B       		.uleb128 0xb
 654 005a 27       		.uleb128 0x27
 655 005b 19       		.uleb128 0x19
 656 005c 11       		.uleb128 0x11
 657 005d 01       		.uleb128 0x1
 658 005e 12       		.uleb128 0x12
 659 005f 06       		.uleb128 0x6
 660 0060 40       		.uleb128 0x40
 661 0061 18       		.uleb128 0x18
 662 0062 9742     		.uleb128 0x2117
 663 0064 19       		.uleb128 0x19
 664 0065 01       		.uleb128 0x1
 665 0066 13       		.uleb128 0x13
 666 0067 00       		.byte	0
 667 0068 00       		.byte	0
 668 0069 09       		.uleb128 0x9
 669 006a 05       		.uleb128 0x5
 670 006b 00       		.byte	0
 671 006c 03       		.uleb128 0x3
 672 006d 08       		.uleb128 0x8
 673 006e 3A       		.uleb128 0x3a
ARM GAS  C:\Users\John_B\AppData\Local\Temp\ccbmgE67.s 			page 18


 674 006f 0B       		.uleb128 0xb
 675 0070 3B       		.uleb128 0x3b
 676 0071 0B       		.uleb128 0xb
 677 0072 49       		.uleb128 0x49
 678 0073 13       		.uleb128 0x13
 679 0074 02       		.uleb128 0x2
 680 0075 17       		.uleb128 0x17
 681 0076 00       		.byte	0
 682 0077 00       		.byte	0
 683 0078 0A       		.uleb128 0xa
 684 0079 898201   		.uleb128 0x4109
 685 007c 01       		.byte	0x1
 686 007d 11       		.uleb128 0x11
 687 007e 01       		.uleb128 0x1
 688 007f 31       		.uleb128 0x31
 689 0080 13       		.uleb128 0x13
 690 0081 00       		.byte	0
 691 0082 00       		.byte	0
 692 0083 0B       		.uleb128 0xb
 693 0084 8A8201   		.uleb128 0x410a
 694 0087 00       		.byte	0
 695 0088 02       		.uleb128 0x2
 696 0089 18       		.uleb128 0x18
 697 008a 9142     		.uleb128 0x2111
 698 008c 18       		.uleb128 0x18
 699 008d 00       		.byte	0
 700 008e 00       		.byte	0
 701 008f 0C       		.uleb128 0xc
 702 0090 898201   		.uleb128 0x4109
 703 0093 01       		.byte	0x1
 704 0094 11       		.uleb128 0x11
 705 0095 01       		.uleb128 0x1
 706 0096 31       		.uleb128 0x31
 707 0097 13       		.uleb128 0x13
 708 0098 01       		.uleb128 0x1
 709 0099 13       		.uleb128 0x13
 710 009a 00       		.byte	0
 711 009b 00       		.byte	0
 712 009c 0D       		.uleb128 0xd
 713 009d 2E       		.uleb128 0x2e
 714 009e 01       		.byte	0x1
 715 009f 3F       		.uleb128 0x3f
 716 00a0 19       		.uleb128 0x19
 717 00a1 03       		.uleb128 0x3
 718 00a2 0E       		.uleb128 0xe
 719 00a3 3A       		.uleb128 0x3a
 720 00a4 0B       		.uleb128 0xb
 721 00a5 3B       		.uleb128 0x3b
 722 00a6 0B       		.uleb128 0xb
 723 00a7 27       		.uleb128 0x27
 724 00a8 19       		.uleb128 0x19
 725 00a9 11       		.uleb128 0x11
 726 00aa 01       		.uleb128 0x1
 727 00ab 12       		.uleb128 0x12
 728 00ac 06       		.uleb128 0x6
 729 00ad 40       		.uleb128 0x40
 730 00ae 18       		.uleb128 0x18
ARM GAS  C:\Users\John_B\AppData\Local\Temp\ccbmgE67.s 			page 19


 731 00af 9742     		.uleb128 0x2117
 732 00b1 19       		.uleb128 0x19
 733 00b2 01       		.uleb128 0x1
 734 00b3 13       		.uleb128 0x13
 735 00b4 00       		.byte	0
 736 00b5 00       		.byte	0
 737 00b6 0E       		.uleb128 0xe
 738 00b7 0B       		.uleb128 0xb
 739 00b8 01       		.byte	0x1
 740 00b9 11       		.uleb128 0x11
 741 00ba 01       		.uleb128 0x1
 742 00bb 12       		.uleb128 0x12
 743 00bc 06       		.uleb128 0x6
 744 00bd 01       		.uleb128 0x1
 745 00be 13       		.uleb128 0x13
 746 00bf 00       		.byte	0
 747 00c0 00       		.byte	0
 748 00c1 0F       		.uleb128 0xf
 749 00c2 13       		.uleb128 0x13
 750 00c3 01       		.byte	0x1
 751 00c4 0B       		.uleb128 0xb
 752 00c5 0B       		.uleb128 0xb
 753 00c6 3A       		.uleb128 0x3a
 754 00c7 0B       		.uleb128 0xb
 755 00c8 3B       		.uleb128 0x3b
 756 00c9 0B       		.uleb128 0xb
 757 00ca 01       		.uleb128 0x1
 758 00cb 13       		.uleb128 0x13
 759 00cc 00       		.byte	0
 760 00cd 00       		.byte	0
 761 00ce 10       		.uleb128 0x10
 762 00cf 0D       		.uleb128 0xd
 763 00d0 00       		.byte	0
 764 00d1 03       		.uleb128 0x3
 765 00d2 0E       		.uleb128 0xe
 766 00d3 3A       		.uleb128 0x3a
 767 00d4 0B       		.uleb128 0xb
 768 00d5 3B       		.uleb128 0x3b
 769 00d6 0B       		.uleb128 0xb
 770 00d7 49       		.uleb128 0x49
 771 00d8 13       		.uleb128 0x13
 772 00d9 38       		.uleb128 0x38
 773 00da 0B       		.uleb128 0xb
 774 00db 00       		.byte	0
 775 00dc 00       		.byte	0
 776 00dd 11       		.uleb128 0x11
 777 00de 01       		.uleb128 0x1
 778 00df 01       		.byte	0x1
 779 00e0 49       		.uleb128 0x49
 780 00e1 13       		.uleb128 0x13
 781 00e2 01       		.uleb128 0x1
 782 00e3 13       		.uleb128 0x13
 783 00e4 00       		.byte	0
 784 00e5 00       		.byte	0
 785 00e6 12       		.uleb128 0x12
 786 00e7 21       		.uleb128 0x21
 787 00e8 00       		.byte	0
ARM GAS  C:\Users\John_B\AppData\Local\Temp\ccbmgE67.s 			page 20


 788 00e9 49       		.uleb128 0x49
 789 00ea 13       		.uleb128 0x13
 790 00eb 2F       		.uleb128 0x2f
 791 00ec 0B       		.uleb128 0xb
 792 00ed 00       		.byte	0
 793 00ee 00       		.byte	0
 794 00ef 13       		.uleb128 0x13
 795 00f0 26       		.uleb128 0x26
 796 00f1 00       		.byte	0
 797 00f2 49       		.uleb128 0x49
 798 00f3 13       		.uleb128 0x13
 799 00f4 00       		.byte	0
 800 00f5 00       		.byte	0
 801 00f6 14       		.uleb128 0x14
 802 00f7 34       		.uleb128 0x34
 803 00f8 00       		.byte	0
 804 00f9 03       		.uleb128 0x3
 805 00fa 0E       		.uleb128 0xe
 806 00fb 3A       		.uleb128 0x3a
 807 00fc 0B       		.uleb128 0xb
 808 00fd 3B       		.uleb128 0x3b
 809 00fe 0B       		.uleb128 0xb
 810 00ff 49       		.uleb128 0x49
 811 0100 13       		.uleb128 0x13
 812 0101 02       		.uleb128 0x2
 813 0102 18       		.uleb128 0x18
 814 0103 00       		.byte	0
 815 0104 00       		.byte	0
 816 0105 15       		.uleb128 0x15
 817 0106 34       		.uleb128 0x34
 818 0107 00       		.byte	0
 819 0108 03       		.uleb128 0x3
 820 0109 08       		.uleb128 0x8
 821 010a 3A       		.uleb128 0x3a
 822 010b 0B       		.uleb128 0xb
 823 010c 3B       		.uleb128 0x3b
 824 010d 05       		.uleb128 0x5
 825 010e 49       		.uleb128 0x49
 826 010f 13       		.uleb128 0x13
 827 0110 02       		.uleb128 0x2
 828 0111 17       		.uleb128 0x17
 829 0112 00       		.byte	0
 830 0113 00       		.byte	0
 831 0114 16       		.uleb128 0x16
 832 0115 0B       		.uleb128 0xb
 833 0116 01       		.byte	0x1
 834 0117 11       		.uleb128 0x11
 835 0118 01       		.uleb128 0x1
 836 0119 12       		.uleb128 0x12
 837 011a 06       		.uleb128 0x6
 838 011b 00       		.byte	0
 839 011c 00       		.byte	0
 840 011d 17       		.uleb128 0x17
 841 011e 0F       		.uleb128 0xf
 842 011f 00       		.byte	0
 843 0120 0B       		.uleb128 0xb
 844 0121 0B       		.uleb128 0xb
ARM GAS  C:\Users\John_B\AppData\Local\Temp\ccbmgE67.s 			page 21


 845 0122 49       		.uleb128 0x49
 846 0123 13       		.uleb128 0x13
 847 0124 00       		.byte	0
 848 0125 00       		.byte	0
 849 0126 18       		.uleb128 0x18
 850 0127 898201   		.uleb128 0x4109
 851 012a 00       		.byte	0
 852 012b 11       		.uleb128 0x11
 853 012c 01       		.uleb128 0x1
 854 012d 31       		.uleb128 0x31
 855 012e 13       		.uleb128 0x13
 856 012f 00       		.byte	0
 857 0130 00       		.byte	0
 858 0131 19       		.uleb128 0x19
 859 0132 2E       		.uleb128 0x2e
 860 0133 00       		.byte	0
 861 0134 3F       		.uleb128 0x3f
 862 0135 19       		.uleb128 0x19
 863 0136 3C       		.uleb128 0x3c
 864 0137 19       		.uleb128 0x19
 865 0138 6E       		.uleb128 0x6e
 866 0139 0E       		.uleb128 0xe
 867 013a 03       		.uleb128 0x3
 868 013b 0E       		.uleb128 0xe
 869 013c 00       		.byte	0
 870 013d 00       		.byte	0
 871 013e 1A       		.uleb128 0x1a
 872 013f 2E       		.uleb128 0x2e
 873 0140 00       		.byte	0
 874 0141 3F       		.uleb128 0x3f
 875 0142 19       		.uleb128 0x19
 876 0143 3C       		.uleb128 0x3c
 877 0144 19       		.uleb128 0x19
 878 0145 6E       		.uleb128 0x6e
 879 0146 0E       		.uleb128 0xe
 880 0147 03       		.uleb128 0x3
 881 0148 0E       		.uleb128 0xe
 882 0149 3A       		.uleb128 0x3a
 883 014a 0B       		.uleb128 0xb
 884 014b 3B       		.uleb128 0x3b
 885 014c 0B       		.uleb128 0xb
 886 014d 00       		.byte	0
 887 014e 00       		.byte	0
 888 014f 00       		.byte	0
 889              		.section	.debug_loc,"",%progbits
 890              	.Ldebug_loc0:
 891              	.LLST0:
 892 0000 00000000 		.4byte	.LVL0
 893 0004 09000000 		.4byte	.LVL2-1
 894 0008 0100     		.2byte	0x1
 895 000a 50       		.byte	0x50
 896 000b 09000000 		.4byte	.LVL2-1
 897 000f 0C000000 		.4byte	.LFE0
 898 0013 0400     		.2byte	0x4
 899 0015 F3       		.byte	0xf3
 900 0016 01       		.uleb128 0x1
 901 0017 50       		.byte	0x50
ARM GAS  C:\Users\John_B\AppData\Local\Temp\ccbmgE67.s 			page 22


 902 0018 9F       		.byte	0x9f
 903 0019 00000000 		.4byte	0
 904 001d 00000000 		.4byte	0
 905              	.LLST1:
 906 0021 00000000 		.4byte	.LVL0
 907 0025 06000000 		.4byte	.LVL1
 908 0029 0100     		.2byte	0x1
 909 002b 51       		.byte	0x51
 910 002c 06000000 		.4byte	.LVL1
 911 0030 09000000 		.4byte	.LVL2-1
 912 0034 0100     		.2byte	0x1
 913 0036 52       		.byte	0x52
 914 0037 09000000 		.4byte	.LVL2-1
 915 003b 0C000000 		.4byte	.LFE0
 916 003f 0400     		.2byte	0x4
 917 0041 F3       		.byte	0xf3
 918 0042 01       		.uleb128 0x1
 919 0043 51       		.byte	0x51
 920 0044 9F       		.byte	0x9f
 921 0045 00000000 		.4byte	0
 922 0049 00000000 		.4byte	0
 923              	.LLST2:
 924 004d 60000000 		.4byte	.LVL6
 925 0051 64000000 		.4byte	.LVL7
 926 0055 0200     		.2byte	0x2
 927 0057 30       		.byte	0x30
 928 0058 9F       		.byte	0x9f
 929 0059 64000000 		.4byte	.LVL7
 930 005d 82000000 		.4byte	.LVL9
 931 0061 0100     		.2byte	0x1
 932 0063 54       		.byte	0x54
 933 0064 84000000 		.4byte	.LVL10
 934 0068 BE000000 		.4byte	.LVL12
 935 006c 0100     		.2byte	0x1
 936 006e 54       		.byte	0x54
 937 006f 00000000 		.4byte	0
 938 0073 00000000 		.4byte	0
 939              	.LLST3:
 940 0077 64000000 		.4byte	.LVL7
 941 007b 82000000 		.4byte	.LVL9
 942 007f 0B00     		.2byte	0xb
 943 0081 74       		.byte	0x74
 944 0082 00       		.sleb128 0
 945 0083 36       		.byte	0x36
 946 0084 1E       		.byte	0x1e
 947 0085 03       		.byte	0x3
 948 0086 00000000 		.4byte	cfg_memset_list.4847
 949 008a 22       		.byte	0x22
 950 008b 9F       		.byte	0x9f
 951 008c 82000000 		.4byte	.LVL9
 952 0090 84000000 		.4byte	.LVL10
 953 0094 0B00     		.2byte	0xb
 954 0096 74       		.byte	0x74
 955 0097 7F       		.sleb128 -1
 956 0098 36       		.byte	0x36
 957 0099 1E       		.byte	0x1e
 958 009a 03       		.byte	0x3
ARM GAS  C:\Users\John_B\AppData\Local\Temp\ccbmgE67.s 			page 23


 959 009b 00000000 		.4byte	cfg_memset_list.4847
 960 009f 22       		.byte	0x22
 961 00a0 9F       		.byte	0x9f
 962 00a1 00000000 		.4byte	0
 963 00a5 00000000 		.4byte	0
 964              		.section	.debug_aranges,"",%progbits
 965 0000 2C000000 		.4byte	0x2c
 966 0004 0200     		.2byte	0x2
 967 0006 00000000 		.4byte	.Ldebug_info0
 968 000a 04       		.byte	0x4
 969 000b 00       		.byte	0
 970 000c 0000     		.2byte	0
 971 000e 0000     		.2byte	0
 972 0010 00000000 		.4byte	.LFB0
 973 0014 0C000000 		.4byte	.LFE0-.LFB0
 974 0018 00000000 		.4byte	.LFB3
 975 001c 5C000000 		.4byte	.LFE3-.LFB3
 976 0020 5C000000 		.4byte	.LFB5
 977 0024 88000000 		.4byte	.LFE5-.LFB5
 978 0028 00000000 		.4byte	0
 979 002c 00000000 		.4byte	0
 980              		.section	.debug_ranges,"",%progbits
 981              	.Ldebug_ranges0:
 982 0000 00000000 		.4byte	.LFB0
 983 0004 0C000000 		.4byte	.LFE0
 984 0008 00000000 		.4byte	.LFB3
 985 000c 5C000000 		.4byte	.LFE3
 986 0010 5C000000 		.4byte	.LFB5
 987 0014 E4000000 		.4byte	.LFE5
 988 0018 00000000 		.4byte	0
 989 001c 00000000 		.4byte	0
 990              		.section	.debug_line,"",%progbits
 991              	.Ldebug_line0:
 992 0000 29010000 		.section	.debug_str,"MS",%progbits,1
 992      0200D600 
 992      00000201 
 992      FB0E0D00 
 992      01010101 
 993              	.LASF19:
 994 0000 72656733 		.ascii	"reg32\000"
 994      3200
 995              	.LASF12:
 996 0006 73697A65 		.ascii	"size_t\000"
 996      5F7400
 997              	.LASF27:
 998 000d 4379496E 		.ascii	"CyIntSetVector\000"
 998      74536574 
 998      56656374 
 998      6F7200
 999              	.LASF25:
 1000 001c 6366675F 		.ascii	"cfg_memset_list\000"
 1000      6D656D73 
 1000      65745F6C 
 1000      69737400 
 1001              	.LASF21:
 1002 002c 436C6F63 		.ascii	"ClockSetup\000"
 1002      6B536574 
ARM GAS  C:\Users\John_B\AppData\Local\Temp\ccbmgE67.s 			page 24


 1002      757000
 1003              	.LASF6:
 1004 0037 73686F72 		.ascii	"short unsigned int\000"
 1004      7420756E 
 1004      7369676E 
 1004      65642069 
 1004      6E7400
 1005              	.LASF16:
 1006 004a 666C6F61 		.ascii	"float\000"
 1006      7400
 1007              	.LASF23:
 1008 0050 73697A65 		.ascii	"size\000"
 1008      00
 1009              	.LASF18:
 1010 0055 72656738 		.ascii	"reg8\000"
 1010      00
 1011              	.LASF8:
 1012 005a 6C6F6E67 		.ascii	"long unsigned int\000"
 1012      20756E73 
 1012      69676E65 
 1012      6420696E 
 1012      7400
 1013              	.LASF13:
 1014 006c 75696E74 		.ascii	"uint8\000"
 1014      3800
 1015              	.LASF20:
 1016 0072 43594D45 		.ascii	"CYMEMZERO\000"
 1016      4D5A4552 
 1016      4F00
 1017              	.LASF4:
 1018 007c 756E7369 		.ascii	"unsigned char\000"
 1018      676E6564 
 1018      20636861 
 1018      7200
 1019              	.LASF33:
 1020 008a 6D656D73 		.ascii	"memset\000"
 1020      657400
 1021              	.LASF17:
 1022 0091 646F7562 		.ascii	"double\000"
 1022      6C6500
 1023              	.LASF28:
 1024 0098 4379496E 		.ascii	"CyIntEnable\000"
 1024      74456E61 
 1024      626C6500 
 1025              	.LASF31:
 1026 00a4 443A5C47 		.ascii	"D:\\GIT\\PSOC_CY8CKIT-049-41\\002_GPIO\\001_Softwar"
 1026      49545C50 
 1026      534F435F 
 1026      43593843 
 1026      4B49542D 
 1027 00d3 65204F75 		.ascii	"e Output Pins\\Software Output Pins\\Design01.cydsn"
 1027      74707574 
 1027      2050696E 
 1027      735C536F 
 1027      66747761 
 1028 0104 00       		.ascii	"\000"
 1029              	.LASF14:
ARM GAS  C:\Users\John_B\AppData\Local\Temp\ccbmgE67.s 			page 25


 1030 0105 75696E74 		.ascii	"uint16\000"
 1030      313600
 1031              	.LASF15:
 1032 010c 75696E74 		.ascii	"uint32\000"
 1032      333200
 1033              	.LASF0:
 1034 0113 756E7369 		.ascii	"unsigned int\000"
 1034      676E6564 
 1034      20696E74 
 1034      00
 1035              	.LASF32:
 1036 0120 63796669 		.ascii	"cyfitter_cfg\000"
 1036      74746572 
 1036      5F636667 
 1036      00
 1037              	.LASF22:
 1038 012d 61646472 		.ascii	"address\000"
 1038      65737300 
 1039              	.LASF9:
 1040 0135 6C6F6E67 		.ascii	"long long unsigned int\000"
 1040      206C6F6E 
 1040      6720756E 
 1040      7369676E 
 1040      65642069 
 1041              	.LASF29:
 1042 014c 474E5520 		.ascii	"GNU C11 5.4.1 20160609 (release) [ARM/embedded-5-br"
 1042      43313120 
 1042      352E342E 
 1042      31203230 
 1042      31363036 
 1043 017f 616E6368 		.ascii	"anch revision 237715] -mcpu=cortex-m0 -mthumb -g -O"
 1043      20726576 
 1043      6973696F 
 1043      6E203233 
 1043      37373135 
 1044 01b2 67202D66 		.ascii	"g -ffunction-sections -ffat-lto-objects\000"
 1044      66756E63 
 1044      74696F6E 
 1044      2D736563 
 1044      74696F6E 
 1045              	.LASF24:
 1046 01da 6366675F 		.ascii	"cfg_memset_t\000"
 1046      6D656D73 
 1046      65745F74 
 1046      00
 1047              	.LASF10:
 1048 01e7 73697A65 		.ascii	"sizetype\000"
 1048      74797065 
 1048      00
 1049              	.LASF1:
 1050 01f0 6C6F6E67 		.ascii	"long long int\000"
 1050      206C6F6E 
 1050      6720696E 
 1050      7400
 1051              	.LASF11:
 1052 01fe 63686172 		.ascii	"char\000"
 1052      00
ARM GAS  C:\Users\John_B\AppData\Local\Temp\ccbmgE67.s 			page 26


 1053              	.LASF5:
 1054 0203 73686F72 		.ascii	"short int\000"
 1054      7420696E 
 1054      7400
 1055              	.LASF26:
 1056 020d 43795379 		.ascii	"CySysClkWriteImoFreq\000"
 1056      73436C6B 
 1056      57726974 
 1056      65496D6F 
 1056      46726571 
 1057              	.LASF7:
 1058 0222 6C6F6E67 		.ascii	"long int\000"
 1058      20696E74 
 1058      00
 1059              	.LASF2:
 1060 022b 6C6F6E67 		.ascii	"long double\000"
 1060      20646F75 
 1060      626C6500 
 1061              	.LASF3:
 1062 0237 7369676E 		.ascii	"signed char\000"
 1062      65642063 
 1062      68617200 
 1063              	.LASF30:
 1064 0243 47656E65 		.ascii	"Generated_Source\\PSoC4\\cyfitter_cfg.c\000"
 1064      72617465 
 1064      645F536F 
 1064      75726365 
 1064      5C50536F 
 1065              		.ident	"GCC: (GNU Tools for ARM Embedded Processors) 5.4.1 20160609 (release) [ARM/embedded-5-bran
